Archive member included to satisfy reference by file (symbol)

/Applications/ArmGNUToolchain/14.3.rel1/arm-none-eabi/bin/../lib/gcc/arm-none-eabi/14.3.1/../../../../arm-none-eabi/lib/thumb/v7e-m+dp/hard/libc_nano.a(libc_a-atoi.o)
                              build/netif.o (atoi)
/Applications/ArmGNUToolchain/14.3.rel1/arm-none-eabi/bin/../lib/gcc/arm-none-eabi/14.3.1/../../../../arm-none-eabi/lib/thumb/v7e-m+dp/hard/libc_nano.a(libc_a-exit.o)
                              /Applications/ArmGNUToolchain/14.3.rel1/arm-none-eabi/bin/../lib/gcc/arm-none-eabi/14.3.1/../../../../arm-none-eabi/lib/thumb/v7e-m+dp/hard/crt0.o (exit)
/Applications/ArmGNUToolchain/14.3.rel1/arm-none-eabi/bin/../lib/gcc/arm-none-eabi/14.3.1/../../../../arm-none-eabi/lib/thumb/v7e-m+dp/hard/libc_nano.a(libc_a-snprintf.o)
                              build/main.o (snprintf)
/Applications/ArmGNUToolchain/14.3.rel1/arm-none-eabi/bin/../lib/gcc/arm-none-eabi/14.3.1/../../../../arm-none-eabi/lib/thumb/v7e-m+dp/hard/libc_nano.a(libc_a-rand.o)
                              build/udp.o (rand)
/Applications/ArmGNUToolchain/14.3.rel1/arm-none-eabi/bin/../lib/gcc/arm-none-eabi/14.3.1/../../../../arm-none-eabi/lib/thumb/v7e-m+dp/hard/libc_nano.a(libc_a-findfp.o)
                              /Applications/ArmGNUToolchain/14.3.rel1/arm-none-eabi/bin/../lib/gcc/arm-none-eabi/14.3.1/../../../../arm-none-eabi/lib/thumb/v7e-m+dp/hard/libc_nano.a(libc_a-exit.o) (__stdio_exit_handler)
/Applications/ArmGNUToolchain/14.3.rel1/arm-none-eabi/bin/../lib/gcc/arm-none-eabi/14.3.1/../../../../arm-none-eabi/lib/thumb/v7e-m+dp/hard/libc_nano.a(libc_a-strtol.o)
                              /Applications/ArmGNUToolchain/14.3.rel1/arm-none-eabi/bin/../lib/gcc/arm-none-eabi/14.3.1/../../../../arm-none-eabi/lib/thumb/v7e-m+dp/hard/libc_nano.a(libc_a-atoi.o) (_strtol_r)
/Applications/ArmGNUToolchain/14.3.rel1/arm-none-eabi/bin/../lib/gcc/arm-none-eabi/14.3.1/../../../../arm-none-eabi/lib/thumb/v7e-m+dp/hard/libc_nano.a(libc_a-fwalk.o)
                              /Applications/ArmGNUToolchain/14.3.rel1/arm-none-eabi/bin/../lib/gcc/arm-none-eabi/14.3.1/../../../../arm-none-eabi/lib/thumb/v7e-m+dp/hard/libc_nano.a(libc_a-findfp.o) (_fwalk_sglue)
/Applications/ArmGNUToolchain/14.3.rel1/arm-none-eabi/bin/../lib/gcc/arm-none-eabi/14.3.1/../../../../arm-none-eabi/lib/thumb/v7e-m+dp/hard/libc_nano.a(libc_a-printf.o)
                              build/ethernetif.o (printf)
/Applications/ArmGNUToolchain/14.3.rel1/arm-none-eabi/bin/../lib/gcc/arm-none-eabi/14.3.1/../../../../arm-none-eabi/lib/thumb/v7e-m+dp/hard/libc_nano.a(libc_a-memcmp.o)
                              build/bridgeif_fdb.o (memcmp)
/Applications/ArmGNUToolchain/14.3.rel1/arm-none-eabi/bin/../lib/gcc/arm-none-eabi/14.3.1/../../../../arm-none-eabi/lib/thumb/v7e-m+dp/hard/libc_nano.a(libc_a-memmove.o)
                              build/def.o (memmove)
/Applications/ArmGNUToolchain/14.3.rel1/arm-none-eabi/bin/../lib/gcc/arm-none-eabi/14.3.1/../../../../arm-none-eabi/lib/thumb/v7e-m+dp/hard/libc_nano.a(libc_a-memset.o)
                              /Applications/ArmGNUToolchain/14.3.rel1/arm-none-eabi/bin/../lib/gcc/arm-none-eabi/14.3.1/../../../../arm-none-eabi/lib/thumb/v7e-m+dp/hard/crt0.o (memset)
/Applications/ArmGNUToolchain/14.3.rel1/arm-none-eabi/bin/../lib/gcc/arm-none-eabi/14.3.1/../../../../arm-none-eabi/lib/thumb/v7e-m+dp/hard/libc_nano.a(libc_a-strncmp.o)
                              build/def.o (strncmp)
/Applications/ArmGNUToolchain/14.3.rel1/arm-none-eabi/bin/../lib/gcc/arm-none-eabi/14.3.1/../../../../arm-none-eabi/lib/thumb/v7e-m+dp/hard/libc_nano.a(libc_a-errno.o)
                              /Applications/ArmGNUToolchain/14.3.rel1/arm-none-eabi/bin/../lib/gcc/arm-none-eabi/14.3.1/../../../../arm-none-eabi/lib/thumb/v7e-m+dp/hard/libc_nano.a(libc_a-strtol.o) (__errno)
/Applications/ArmGNUToolchain/14.3.rel1/arm-none-eabi/bin/../lib/gcc/arm-none-eabi/14.3.1/../../../../arm-none-eabi/lib/thumb/v7e-m+dp/hard/libc_nano.a(libc_a-init.o)
                              /Applications/ArmGNUToolchain/14.3.rel1/arm-none-eabi/bin/../lib/gcc/arm-none-eabi/14.3.1/../../../../arm-none-eabi/lib/thumb/v7e-m+dp/hard/crt0.o (__libc_init_array)
/Applications/ArmGNUToolchain/14.3.rel1/arm-none-eabi/bin/../lib/gcc/arm-none-eabi/14.3.1/../../../../arm-none-eabi/lib/thumb/v7e-m+dp/hard/libc_nano.a(libc_a-lock.o)
                              /Applications/ArmGNUToolchain/14.3.rel1/arm-none-eabi/bin/../lib/gcc/arm-none-eabi/14.3.1/../../../../arm-none-eabi/lib/thumb/v7e-m+dp/hard/libc_nano.a(libc_a-findfp.o) (__retarget_lock_init_recursive)
/Applications/ArmGNUToolchain/14.3.rel1/arm-none-eabi/bin/../lib/gcc/arm-none-eabi/14.3.1/../../../../arm-none-eabi/lib/thumb/v7e-m+dp/hard/libc_nano.a(libc_a-impure.o)
[...]
Memory Configuration

Name             Origin             Length             Attributes
DTCMRAM          0x20000000         0x00020000         xrw
RAM              0x24000000         0x00020000         xrw
RAM_D2           0x30000000         0x00008000         xrw
RAM_D3           0x38000000         0x00004000         xrw
ITCMRAM          0x00000000         0x00010000         xrw
FLASH            0x08000000         0x00100000         xr
*default*        0x00000000         0xffffffff

Linker script and memory map

LOAD /Applications/ArmGNUToolchain/14.3.rel1/arm-none-eabi/bin/../lib/gcc/arm-none-eabi/14.3.1/thumb/v7e-m+dp/hard/crti.o
LOAD /Applications/ArmGNUToolchain/14.3.rel1/arm-none-eabi/bin/../lib/gcc/arm-none-eabi/14.3.1/thumb/v7e-m+dp/hard/crtbegin.o
LOAD /Applications/ArmGNUToolchain/14.3.rel1/arm-none-eabi/bin/../lib/gcc/arm-none-eabi/14.3.1/../../../../arm-none-eabi/lib/thumb/v7e-m+dp/hard/crt0.o
LOAD build/main.o
LOAD build/stm32h7xx_it.o
LOAD build/stm32h7xx_hal_msp.o
LOAD build/lwip.o
LOAD build/ethernetif.o
LOAD build/stm32h7xx_hal_tim.o
LOAD build/stm32h7xx_hal_tim_ex.o
LOAD build/stm32h7xx_hal_eth.o
LOAD build/stm32h7xx_hal_eth_ex.o
LOAD build/stm32h7xx_hal_rcc.o
LOAD build/stm32h7xx_hal_rcc_ex.o
LOAD build/stm32h7xx_hal_flash.o
LOAD build/stm32h7xx_hal_flash_ex.o
LOAD build/stm32h7xx_hal_gpio.o
LOAD build/stm32h7xx_hal_hsem.o
LOAD build/stm32h7xx_hal_dma.o
LOAD build/stm32h7xx_hal_dma_ex.o
LOAD build/stm32h7xx_hal_mdma.o
LOAD build/stm32h7xx_hal_pwr.o
LOAD build/stm32h7xx_hal_pwr_ex.o
LOAD build/stm32h7xx_hal_cortex.o
LOAD build/stm32h7xx_hal.o
LOAD build/stm32h7xx_hal_i2c.o
LOAD build/stm32h7xx_hal_i2c_ex.o
LOAD build/stm32h7xx_hal_exti.o
LOAD build/stm32h7xx_hal_fdcan.o
LOAD build/stm32h7xx_ll_sdmmc.o
LOAD build/stm32h7xx_ll_delayblock.o
LOAD build/stm32h7xx_hal_sd.o
LOAD build/stm32h7xx_hal_sd_ex.o
LOAD build/stm32h7xx_hal_mmc.o
LOAD build/stm32h7xx_hal_mmc_ex.o
LOAD build/stm32h7xx_hal_spi.o
LOAD build/stm32h7xx_hal_spi_ex.o
LOAD build/stm32h7xx_hal_uart.o
LOAD build/stm32h7xx_hal_uart_ex.o
LOAD build/stm32h7xx_hal_pcd.o
LOAD build/stm32h7xx_hal_pcd_ex.o
LOAD build/stm32h7xx_ll_usb.o
LOAD build/system_stm32h7xx.o
LOAD build/auth.o
LOAD build/ccp.o
LOAD build/chap_ms.o
LOAD build/chap-md5.o
LOAD build/chap-new.o
LOAD build/demand.o
LOAD build/eap.o
LOAD build/eui64.o
LOAD build/fsm.o
LOAD build/ipcp.o
LOAD build/ipv6cp.o
LOAD build/lcp.o
LOAD build/magic.o
LOAD build/mppe.o
LOAD build/multilink.o
LOAD build/ppp.o
LOAD build/pppapi.o
LOAD build/pppcrypt.o
LOAD build/pppoe.o
LOAD build/pppol2tp.o
LOAD build/pppos.o
LOAD build/upap.o
LOAD build/utils.o
LOAD build/vj.o
LOAD build/bridgeif.o
LOAD build/bridgeif_fdb.o
LOAD build/ethernet.o
LOAD build/lowpan6.o
LOAD build/lowpan6_ble.o
LOAD build/lowpan6_common.o
LOAD build/slipif.o
LOAD build/zepif.o
LOAD build/ecp.o
LOAD build/sockets.o
LOAD build/if_api.o
LOAD build/netdb.o
LOAD build/tcpip.o
LOAD build/err.o
LOAD build/netifapi.o
LOAD build/api_lib.o
LOAD build/api_msg.o
LOAD build/netbuf.o
LOAD build/memp.o
LOAD build/sys.o
LOAD build/inet_chksum.o
LOAD build/raw.o
LOAD build/tcp_out.o
LOAD build/ip.o
LOAD build/dns.o
LOAD build/init.o
LOAD build/mem.o
LOAD build/altcp_alloc.o
LOAD build/def.o
LOAD build/udp.o
LOAD build/stats.o
LOAD build/tcp_in.o
LOAD build/netif.o
LOAD build/altcp_tcp.o
LOAD build/tcp.o
LOAD build/pbuf.o
LOAD build/timeouts.o
LOAD build/altcp.o
LOAD build/autoip.o
LOAD build/dhcp.o
LOAD build/igmp.o
LOAD build/etharp.o
LOAD build/icmp.o
LOAD build/ip4.o
LOAD build/ip4_frag.o
LOAD build/ip4_addr.o
LOAD build/ip6.o
LOAD build/icmp6.o
LOAD build/mld6.o
LOAD build/dhcp6.o
LOAD build/ethip6.o
LOAD build/nd6.o
LOAD build/inet6.o
LOAD build/ip6_addr.o
LOAD build/ip6_frag.o
LOAD build/mqtt.o
LOAD build/usb_device.o
LOAD build/usbd_desc.o
LOAD build/usbd_cdc_if.o
LOAD build/usbd_conf.o
LOAD build/usbd_core.o
LOAD build/usbd_ctlreq.o
LOAD build/usbd_ioreq.o
LOAD build/usbd_cdc.o
LOAD build/freertos.o
LOAD build/stm32h7xx_hal_timebase_tim.o
LOAD build/croutine.o
LOAD build/event_groups.o
LOAD build/list.o
LOAD build/queue.o
LOAD build/stream_buffer.o
LOAD build/tasks.o
LOAD build/timers.o
LOAD build/cmsis_os.o
LOAD build/heap_4.o
LOAD build/port.o
LOAD build/sys_arch.o
LOAD build/dp83848.o
LOAD build/startup_stm32h723xx.o
LOAD /Applications/ArmGNUToolchain/14.3.rel1/arm-none-eabi/bin/../lib/gcc/arm-none-eabi/14.3.1/../../../../arm-none-eabi/lib/thumb/v7e-m+dp/hard/libc_nano.a
LOAD /Applications/ArmGNUToolchain/14.3.rel1/arm-none-eabi/bin/../lib/gcc/arm-none-eabi/14.3.1/../../../../arm-none-eabi/lib/thumb/v7e-m+dp/hard/libm.a
LOAD /Applications/ArmGNUToolchain/14.3.rel1/arm-none-eabi/bin/../lib/gcc/arm-none-eabi/14.3.1/../../../../arm-none-eabi/lib/thumb/v7e-m+dp/hard/libnosys.a
START GROUP
LOAD /Applications/ArmGNUToolchain/14.3.rel1/arm-none-eabi/bin/../lib/gcc/arm-none-eabi/14.3.1/thumb/v7e-m+dp/hard/libgcc.a
LOAD /Applications/ArmGNUToolchain/14.3.rel1/arm-none-eabi/bin/../lib/gcc/arm-none-eabi/14.3.1/../../../../arm-none-eabi/lib/thumb/v7e-m+dp/hard/libc_nano.a
END GROUP
START GROUP
LOAD /Applications/ArmGNUToolchain/14.3.rel1/arm-none-eabi/bin/../lib/gcc/arm-none-eabi/14.3.1/thumb/v7e-m+dp/hard/libgcc.a
LOAD /Applications/ArmGNUToolchain/14.3.rel1/arm-none-eabi/bin/../lib/gcc/arm-none-eabi/14.3.1/../../../../arm-none-eabi/lib/thumb/v7e-m+dp/hard/libc_nano.a
END GROUP
LOAD /Applications/ArmGNUToolchain/14.3.rel1/arm-none-eabi/bin/../lib/gcc/arm-none-eabi/14.3.1/thumb/v7e-m+dp/hard/crtend.o
LOAD /Applications/ArmGNUToolchain/14.3.rel1/arm-none-eabi/bin/../lib/gcc/arm-none-eabi/14.3.1/thumb/v7e-m+dp/hard/crtn.o
                0x20020000                        _estack = (ORIGIN (DTCMRAM) + LENGTH (DTCMRAM))
                0x00000200                        _Min_Heap_Size = 0x200
                0x00000400                        _Min_Stack_Size = 0x400

.isr_vector     0x08000000      0x2cc
                0x08000000                        . = ALIGN (0x4)
 *(.isr_vector)
 .isr_vector    0x08000000      0x2cc build/startup_stm32h723xx.o
                0x08000000                g_pfnVectors
                0x080002cc                        . = ALIGN (0x4)

.text           0x080002d0    0x140ac
                0x080002d0                        . = ALIGN (0x4)
 *(.text)
 .text          0x080002d0       0x10 /Applications/ArmGNUToolchain/14.3.rel1/arm-none-eabi/bin/../lib/gcc/arm-none-eabi/14.3.1/../../../../arm-none-eabi/lib/thumb/v7e-m+dp/hard/libc_nano.a(libc_a-strlen.o)
                0x080002d0                strlen
 .text          0x080002e0       0xa0 /Applications/ArmGNUToolchain/14.3.rel1/arm-none-eabi/bin/../lib/gcc/arm-none-eabi/14.3.1/../../../../arm-none-eabi/lib/thumb/v7e-m+dp/hard/libc_nano.a(libc_a-memchr.o)
                0x080002e0                memchr
 .text          0x08000380       0x30 /Applications/ArmGNUToolchain/14.3.rel1/arm-none-eabi/bin/../lib/gcc/arm-none-eabi/14.3.1/thumb/v7e-m+dp/hard/libgcc.a(_aeabi_uldivmod.o)
                0x08000380                __aeabi_uldivmod
 .text          0x080003b0        0x4 /Applications/ArmGNUToolchain/14.3.rel1/arm-none-eabi/bin/../lib/gcc/arm-none-eabi/14.3.1/thumb/v7e-m+dp/hard/libgcc.a(_dvmd_tls.o)
                0x080003b0                __aeabi_ldiv0
                0x080003b0                __aeabi_idiv0
 *(.text*)
 .text.deregister_tm_clones
                0x080003b4       0x1c /Applications/ArmGNUToolchain/14.3.rel1/arm-none-eabi/bin/../lib/gcc/arm-none-eabi/14.3.1/thumb/v7e-m+dp/hard/crtbegin.o
 .text.register_tm_clones
                0x080003d0       0x24 /Applications/ArmGNUToolchain/14.3.rel1/arm-none-eabi/bin/../lib/gcc/arm-none-eabi/14.3.1/thumb/v7e-m+dp/hard/crtbegin.o
 .text.__do_global_dtors_aux
                0x080003f4       0x28 /Applications/ArmGNUToolchain/14.3.rel1/arm-none-eabi/bin/../lib/gcc/arm-none-eabi/14.3.1/thumb/v7e-m+dp/hard/crtbegin.o
 .text.frame_dummy
                0x0800041c       0x24 /Applications/ArmGNUToolchain/14.3.rel1/arm-none-eabi/bin/../lib/gcc/arm-none-eabi/14.3.1/thumb/v7e-m+dp/hard/crtbegin.o
 .text.MPU_Config
                0x08000440       0x8e build/main.o
 *fill*         0x080004ce        0x2 
 .text.MX_GPIO_Init
                0x080004d0       0xd4 build/main.o
 .text.StartDefaultTask
                0x080005a4      0x13c build/main.o
                0x080005a4                StartDefaultTask
 .text.HAL_TIM_PeriodElapsedCallback
                0x080006e0       0x18 build/main.o
                0x080006e0                HAL_TIM_PeriodElapsedCallback
 .text.Error_Handler
                0x080006f8       0x9c build/main.o
                0x080006f8                Error_Handler
 .text.MX_FDCAN1_Init
                0x08000794       0x5c build/main.o
 .text.MX_FDCAN2_Init
                0x080007f0       0x5c build/main.o
 .text.MX_FDCAN3_Init
                0x0800084c       0x5c build/main.o
 .text.MX_I2C3_Init
                0x080008a8       0x54 build/main.o
 .text.MX_SPI1_Init
                0x080008fc       0x58 build/main.o
 .text.MX_TIM1_Init
                0x08000954       0xf4 build/main.o
 .text.MX_TIM3_Init
                0x08000a48       0x9c build/main.o
 .text.MX_UART4_Init
                0x08000ae4       0x60 build/main.o
 .text.SystemClock_Config
                0x08000b44       0xb4 build/main.o
                0x08000b44                SystemClock_Config
 .text.PeriphCommonClock_Config
                0x08000bf8       0x28 build/main.o
                0x08000bf8                PeriphCommonClock_Config
 .text.main     0x08000c20      0x108 build/main.o
                0x08000c20                main
 .text.NMI_Handler
                0x08000d28        0x2 build/stm32h7xx_it.o
                0x08000d28                NMI_Handler
 *fill*         0x08000d2a        0x2 
 .text.HardFault_Handler
                0x08000d2c       0x6c build/stm32h7xx_it.o
                0x08000d2c                HardFault_Handler
 .text.MemManage_Handler
                0x08000d98       0x50 build/stm32h7xx_it.o
                0x08000d98                MemManage_Handler
 .text.BusFault_Handler
                0x08000de8       0x50 build/stm32h7xx_it.o
                0x08000de8                BusFault_Handler
 .text.UsageFault_Handler
                0x08000e38       0x6c build/stm32h7xx_it.o
                0x08000e38                UsageFault_Handler
 .text.DebugMon_Handler
                0x08000ea4        0x2 build/stm32h7xx_it.o
                0x08000ea4                DebugMon_Handler
 *fill*         0x08000ea6        0x2 
 .text.TIM6_DAC_IRQHandler
                0x08000ea8       0x10 build/stm32h7xx_it.o
                0x08000ea8                TIM6_DAC_IRQHandler
 .text.ETH_IRQHandler
                0x08000eb8       0x2c build/stm32h7xx_it.o
                0x08000eb8                ETH_IRQHandler
 .text.OTG_HS_IRQHandler
                0x08000ee4       0x10 build/stm32h7xx_it.o
                0x08000ee4                OTG_HS_IRQHandler
 .text.HAL_MspInit
                0x08000ef4       0x34 build/stm32h7xx_hal_msp.o
                0x08000ef4                HAL_MspInit
 .text.HAL_FDCAN_MspInit
                0x08000f28      0x1b4 build/stm32h7xx_hal_msp.o
                0x08000f28                HAL_FDCAN_MspInit
 .text.HAL_I2C_MspInit
                0x080010dc       0xd8 build/stm32h7xx_hal_msp.o
                0x080010dc                HAL_I2C_MspInit
 .text.HAL_SPI_MspInit
                0x080011b4       0xd4 build/stm32h7xx_hal_msp.o
                0x080011b4                HAL_SPI_MspInit
 .text.HAL_TIM_PWM_MspInit
                0x08001288       0x58 build/stm32h7xx_hal_msp.o
                0x08001288                HAL_TIM_PWM_MspInit
 .text.HAL_TIM_MspPostInit
                0x080012e0       0x9c build/stm32h7xx_hal_msp.o
                0x080012e0                HAL_TIM_MspPostInit
 .text.HAL_UART_MspInit
                0x0800137c       0x98 build/stm32h7xx_hal_msp.o
                0x0800137c                HAL_UART_MspInit
 .text.ethernet_link_status_updated
                0x08001414        0x2 build/lwip.o
 *fill*         0x08001416        0x2 
 .text.MX_LWIP_Init
                0x08001418      0x130 build/lwip.o
                0x08001418                MX_LWIP_Init
 .text.ETH_PHY_IO_DeInit
                0x08001548        0x4 build/ethernetif.o
                0x08001548                ETH_PHY_IO_DeInit
 .text.low_level_output
                0x0800154c       0xe4 build/ethernetif.o
 .text.low_level_init
                0x08001630      0x1d0 build/ethernetif.o
 .text.low_level_input
                0x08001800       0x28 build/ethernetif.o
 .text.ethernetif_input
                0x08001828       0x3c build/ethernetif.o
 .text.pbuf_free_custom
                0x08001864       0x30 build/ethernetif.o
                0x08001864                pbuf_free_custom
 .text.ETH_PHY_IO_GetTick
                0x08001894        0x8 build/ethernetif.o
                0x08001894                ETH_PHY_IO_GetTick
 .text.ETH_PHY_IO_Init
                0x0800189c       0x10 build/ethernetif.o
                0x0800189c                ETH_PHY_IO_Init
 .text.ETH_PHY_IO_ReadReg
                0x080018ac       0x1c build/ethernetif.o
                0x080018ac                ETH_PHY_IO_ReadReg
 .text.ETH_PHY_IO_WriteReg
                0x080018c8       0x1c build/ethernetif.o
                0x080018c8                ETH_PHY_IO_WriteReg
 .text.HAL_ETH_RxCpltCallback
                0x080018e4       0x1c build/ethernetif.o
                0x080018e4                HAL_ETH_RxCpltCallback
 .text.HAL_ETH_TxCpltCallback
                0x08001900       0x10 build/ethernetif.o
                0x08001900                HAL_ETH_TxCpltCallback
 .text.HAL_ETH_ErrorCallback
                0x08001910       0x1c build/ethernetif.o
                0x08001910                HAL_ETH_ErrorCallback
 .text.ethernetif_init
                0x0800192c       0x48 build/ethernetif.o
                0x0800192c                ethernetif_init
 .text.sys_now  0x08001974        0x8 build/ethernetif.o
                0x08001974                sys_now
 .text.HAL_ETH_MspInit
                0x0800197c      0x128 build/ethernetif.o
                0x0800197c                HAL_ETH_MspInit
 .text.ethernet_link_thread
                0x08001aa4      0x154 build/ethernetif.o
                0x08001aa4                ethernet_link_thread
 .text.HAL_ETH_RxAllocateCallback
                0x08001bf8       0x4c build/ethernetif.o
                0x08001bf8                HAL_ETH_RxAllocateCallback
 .text.HAL_ETH_RxLinkCallback
                0x08001c44       0x60 build/ethernetif.o
                0x08001c44                HAL_ETH_RxLinkCallback
 .text.HAL_ETH_TxFreeCallback
                0x08001ca4        0x8 build/ethernetif.o
                0x08001ca4                HAL_ETH_TxFreeCallback
 .text.TIM_OC1_SetConfig
                0x08001cac       0xa4 build/stm32h7xx_hal_tim.o
 .text.TIM_OC3_SetConfig
                0x08001d50       0x94 build/stm32h7xx_hal_tim.o
 .text.TIM_OC4_SetConfig
                0x08001de4       0x74 build/stm32h7xx_hal_tim.o
 .text.TIM_OC5_SetConfig
                0x08001e58       0x74 build/stm32h7xx_hal_tim.o
 .text.TIM_OC6_SetConfig
                0x08001ecc       0x74 build/stm32h7xx_hal_tim.o
 .text.HAL_TIM_Base_MspInit
                0x08001f40        0x2 build/stm32h7xx_hal_tim.o
                0x08001f40                HAL_TIM_Base_MspInit
 *fill*         0x08001f42        0x2 
 .text.HAL_TIM_Base_Start_IT
                0x08001f44       0xa0 build/stm32h7xx_hal_tim.o
                0x08001f44                HAL_TIM_Base_Start_IT
 .text.HAL_TIM_OC_MspInit
                0x08001fe4        0x2 build/stm32h7xx_hal_tim.o
                0x08001fe4                HAL_TIM_OC_MspInit
 .text.HAL_TIM_OC_DelayElapsedCallback
                0x08001fe6        0x2 build/stm32h7xx_hal_tim.o
                0x08001fe6                HAL_TIM_OC_DelayElapsedCallback
 .text.HAL_TIM_IC_CaptureCallback
                0x08001fe8        0x2 build/stm32h7xx_hal_tim.o
                0x08001fe8                HAL_TIM_IC_CaptureCallback
 .text.HAL_TIM_PWM_PulseFinishedCallback
                0x08001fea        0x2 build/stm32h7xx_hal_tim.o
                0x08001fea                HAL_TIM_PWM_PulseFinishedCallback
 .text.HAL_TIM_TriggerCallback
                0x08001fec        0x2 build/stm32h7xx_hal_tim.o
                0x08001fec                HAL_TIM_TriggerCallback
 .text.HAL_TIM_IRQHandler
                0x08001fee      0x17a build/stm32h7xx_hal_tim.o
                0x08001fee                HAL_TIM_IRQHandler
 .text.TIM_Base_SetConfig
                0x08002168      0x120 build/stm32h7xx_hal_tim.o
                0x08002168                TIM_Base_SetConfig
 .text.HAL_TIM_Base_Init
                0x08002288       0x60 build/stm32h7xx_hal_tim.o
                0x08002288                HAL_TIM_Base_Init
 .text.HAL_TIM_OC_Init
                0x080022e8       0x60 build/stm32h7xx_hal_tim.o
                0x080022e8                HAL_TIM_OC_Init
 .text.HAL_TIM_PWM_Init
                0x08002348       0x60 build/stm32h7xx_hal_tim.o
                0x08002348                HAL_TIM_PWM_Init
 .text.TIM_OC2_SetConfig
                0x080023a8       0x94 build/stm32h7xx_hal_tim.o
                0x080023a8                TIM_OC2_SetConfig
 .text.HAL_TIM_OC_ConfigChannel
                0x0800243c       0x7a build/stm32h7xx_hal_tim.o
                0x0800243c                HAL_TIM_OC_ConfigChannel
 .text.HAL_TIM_PWM_ConfigChannel
                0x080024b6      0x13a build/stm32h7xx_hal_tim.o
                0x080024b6                HAL_TIM_PWM_ConfigChannel
 .text.HAL_TIMEx_MasterConfigSynchronization
                0x080025f0       0xb0 build/stm32h7xx_hal_tim_ex.o
                0x080025f0                HAL_TIMEx_MasterConfigSynchronization
 .text.HAL_TIMEx_ConfigBreakDeadTime
                0x080026a0       0xa0 build/stm32h7xx_hal_tim_ex.o
                0x080026a0                HAL_TIMEx_ConfigBreakDeadTime
 .text.HAL_TIMEx_CommutCallback
                0x08002740        0x2 build/stm32h7xx_hal_tim_ex.o
                0x08002740                HAL_TIMEx_CommutCallback
 .text.HAL_TIMEx_BreakCallback
                0x08002742        0x2 build/stm32h7xx_hal_tim_ex.o
                0x08002742                HAL_TIMEx_BreakCallback
 .text.HAL_TIMEx_Break2Callback
                0x08002744        0x2 build/stm32h7xx_hal_tim_ex.o
                0x08002744                HAL_TIMEx_Break2Callback
 .text.ETH_UpdateDescriptor
                0x08002746       0xa0 build/stm32h7xx_hal_eth.o
 *fill*         0x080027e6        0x2 
 .text.ETH_SetMACConfig
                0x080027e8      0x1b0 build/stm32h7xx_hal_eth.o
 .text.ETH_SetDMAConfig
                0x08002998       0xac build/stm32h7xx_hal_eth.o
 .text.ETH_MACDMAConfig
                0x08002a44       0xdc build/stm32h7xx_hal_eth.o
 .text.ETH_DMATxDescListInit
                0x08002b20       0x5a build/stm32h7xx_hal_eth.o
 .text.ETH_DMARxDescListInit
                0x08002b7a       0x6c build/stm32h7xx_hal_eth.o
 *fill*         0x08002be6        0x2 
 .text.ETH_Prepare_Tx_Descriptors
                0x08002be8      0x354 build/stm32h7xx_hal_eth.o
 .text.HAL_ETH_Start_IT
                0x08002f3c       0x98 build/stm32h7xx_hal_eth.o
                0x08002f3c                HAL_ETH_Start_IT
 .text.HAL_ETH_Stop_IT
                0x08002fd4       0x98 build/stm32h7xx_hal_eth.o
                0x08002fd4                HAL_ETH_Stop_IT
 .text.HAL_ETH_Transmit_IT
                0x0800306c       0x68 build/stm32h7xx_hal_eth.o
                0x0800306c                HAL_ETH_Transmit_IT
 .text.HAL_ETH_ReadData
                0x080030d4       0xfc build/stm32h7xx_hal_eth.o
                0x080030d4                HAL_ETH_ReadData
 .text.HAL_ETH_ReleaseTxPacket
                0x080031d0       0x60 build/stm32h7xx_hal_eth.o
                0x080031d0                HAL_ETH_ReleaseTxPacket
 .text.HAL_ETH_PMTCallback
                0x08003230        0x2 build/stm32h7xx_hal_eth.o
                0x08003230                HAL_ETH_PMTCallback
 .text.HAL_ETH_EEECallback
                0x08003232        0x2 build/stm32h7xx_hal_eth.o
                0x08003232                HAL_ETH_EEECallback
 .text.HAL_ETH_WakeUpCallback
                0x08003234        0x2 build/stm32h7xx_hal_eth.o
                0x08003234                HAL_ETH_WakeUpCallback
 .text.HAL_ETH_IRQHandler
                0x08003236      0x15e build/stm32h7xx_hal_eth.o
                0x08003236                HAL_ETH_IRQHandler
 .text.HAL_ETH_ReadPHYRegister
                0x08003394       0x60 build/stm32h7xx_hal_eth.o
                0x08003394                HAL_ETH_ReadPHYRegister
 .text.HAL_ETH_WritePHYRegister
                0x080033f4       0x68 build/stm32h7xx_hal_eth.o
                0x080033f4                HAL_ETH_WritePHYRegister
 .text.HAL_ETH_GetMACConfig
                0x0800345c      0x1e6 build/stm32h7xx_hal_eth.o
                0x0800345c                HAL_ETH_GetMACConfig
 .text.HAL_ETH_SetMACConfig
                0x08003642       0x1c build/stm32h7xx_hal_eth.o
                0x08003642                HAL_ETH_SetMACConfig
 *fill*         0x0800365e        0x2 
 .text.HAL_ETH_SetMDIOClockRange
                0x08003660       0x68 build/stm32h7xx_hal_eth.o
                0x08003660                HAL_ETH_SetMDIOClockRange
 .text.HAL_ETH_Init
                0x080036c8      0x16c build/stm32h7xx_hal_eth.o
                0x080036c8                HAL_ETH_Init
 .text.HAL_ETH_GetError
                0x08003834        0x6 build/stm32h7xx_hal_eth.o
                0x08003834                HAL_ETH_GetError
 .text.HAL_ETH_GetDMAError
                0x0800383a        0x6 build/stm32h7xx_hal_eth.o
                0x0800383a                HAL_ETH_GetDMAError
 .text.HAL_RCC_OscConfig
                0x08003840      0x5e4 build/stm32h7xx_hal_rcc.o
                0x08003840                HAL_RCC_OscConfig
 .text.HAL_RCC_GetSysClockFreq
                0x08003e24      0x1f8 build/stm32h7xx_hal_rcc.o
                0x08003e24                HAL_RCC_GetSysClockFreq
 .text.HAL_RCC_ClockConfig
                0x0800401c      0x294 build/stm32h7xx_hal_rcc.o
                0x0800401c                HAL_RCC_ClockConfig
 .text.HAL_RCC_GetHCLKFreq
                0x080042b0       0x44 build/stm32h7xx_hal_rcc.o
                0x080042b0                HAL_RCC_GetHCLKFreq
 .text.HAL_RCC_GetPCLK1Freq
                0x080042f4       0x24 build/stm32h7xx_hal_rcc.o
                0x080042f4                HAL_RCC_GetPCLK1Freq
 .text.HAL_RCC_GetPCLK2Freq
                0x08004318       0x24 build/stm32h7xx_hal_rcc.o
                0x08004318                HAL_RCC_GetPCLK2Freq
 .text.HAL_RCC_GetClockConfig
                0x0800433c       0x54 build/stm32h7xx_hal_rcc.o
                0x0800433c                HAL_RCC_GetClockConfig
 .text.RCCEx_PLL2_Config
                0x08004390      0x108 build/stm32h7xx_hal_rcc_ex.o
 .text.RCCEx_PLL3_Config
                0x08004498      0x108 build/stm32h7xx_hal_rcc_ex.o
 .text.HAL_RCCEx_PeriphCLKConfig
                0x080045a0      0xa38 build/stm32h7xx_hal_rcc_ex.o
                0x080045a0                HAL_RCCEx_PeriphCLKConfig
 .text.HAL_RCCEx_GetD3PCLK1Freq
                0x08004fd8       0x24 build/stm32h7xx_hal_rcc_ex.o
                0x08004fd8                HAL_RCCEx_GetD3PCLK1Freq
 .text.HAL_RCCEx_GetPLL2ClockFreq
                0x08004ffc      0x200 build/stm32h7xx_hal_rcc_ex.o
                0x08004ffc                HAL_RCCEx_GetPLL2ClockFreq
 .text.HAL_RCCEx_GetPLL3ClockFreq
                0x080051fc      0x200 build/stm32h7xx_hal_rcc_ex.o
                0x080051fc                HAL_RCCEx_GetPLL3ClockFreq
 .text.HAL_GPIO_Init
                0x080053fc      0x214 build/stm32h7xx_hal_gpio.o
                0x080053fc                HAL_GPIO_Init
 .text.HAL_GPIO_WritePin
                0x08005610        0xc build/stm32h7xx_hal_gpio.o
                0x08005610                HAL_GPIO_WritePin
 .text.HAL_GPIO_TogglePin
                0x0800561c       0x12 build/stm32h7xx_hal_gpio.o
                0x0800561c                HAL_GPIO_TogglePin
 *fill*         0x0800562e        0x2 
 .text.HAL_PWREx_ConfigSupply
                0x08005630       0x54 build/stm32h7xx_hal_pwr_ex.o
                0x08005630                HAL_PWREx_ConfigSupply
 .text.HAL_PWREx_EnableUSBVoltageDetector
                0x08005684       0x10 build/stm32h7xx_hal_pwr_ex.o
                0x08005684                HAL_PWREx_EnableUSBVoltageDetector
 .text.__NVIC_EnableIRQ
                0x08005694       0x1c build/stm32h7xx_hal_cortex.o
 .text.__NVIC_SetPriority
                0x080056b0       0x24 build/stm32h7xx_hal_cortex.o
 .text.NVIC_EncodePriority
                0x080056d4       0x3e build/stm32h7xx_hal_cortex.o
 *fill*         0x08005712        0x2 
 .text.HAL_NVIC_SetPriorityGrouping
                0x08005714       0x24 build/stm32h7xx_hal_cortex.o
                0x08005714                HAL_NVIC_SetPriorityGrouping
 .text.HAL_NVIC_SetPriority
                0x08005738       0x20 build/stm32h7xx_hal_cortex.o
                0x08005738                HAL_NVIC_SetPriority
 .text.HAL_NVIC_EnableIRQ
                0x08005758        0x8 build/stm32h7xx_hal_cortex.o
                0x08005758                HAL_NVIC_EnableIRQ
 .text.HAL_MPU_Disable
                0x08005760       0x1c build/stm32h7xx_hal_cortex.o
                0x08005760                HAL_MPU_Disable
 .text.HAL_MPU_Enable
                0x0800577c       0x20 build/stm32h7xx_hal_cortex.o
                0x0800577c                HAL_MPU_Enable
 .text.HAL_MPU_ConfigRegion
                0x0800579c       0x58 build/stm32h7xx_hal_cortex.o
                0x0800579c                HAL_MPU_ConfigRegion
 .text.HAL_Init
                0x080057f4       0x5c build/stm32h7xx_hal.o
                0x080057f4                HAL_Init
 .text.HAL_IncTick
                0x08005850       0x18 build/stm32h7xx_hal.o
                0x08005850                HAL_IncTick
 .text.HAL_GetTick
                0x08005868        0xc build/stm32h7xx_hal.o
                0x08005868                HAL_GetTick
 .text.HAL_Delay
                0x08005874       0x28 build/stm32h7xx_hal.o
                0x08005874                HAL_Delay
 .text.HAL_SYSCFG_ETHInterfaceSelect
                0x0800589c       0x14 build/stm32h7xx_hal.o
                0x0800589c                HAL_SYSCFG_ETHInterfaceSelect
 .text.HAL_I2C_Init
                0x080058b0       0xc8 build/stm32h7xx_hal_i2c.o
                0x080058b0                HAL_I2C_Init
 .text.HAL_I2CEx_ConfigAnalogFilter
                0x08005978       0x5a build/stm32h7xx_hal_i2c_ex.o
                0x08005978                HAL_I2CEx_ConfigAnalogFilter
 .text.HAL_I2CEx_ConfigDigitalFilter
                0x080059d2       0x56 build/stm32h7xx_hal_i2c_ex.o
                0x080059d2                HAL_I2CEx_ConfigDigitalFilter
 .text.FDCAN_CalcultateRamBlockAddresses
                0x08005a28      0x1d4 build/stm32h7xx_hal_fdcan.o
 .text.HAL_FDCAN_Init
                0x08005bfc      0x294 build/stm32h7xx_hal_fdcan.o
                0x08005bfc                HAL_FDCAN_Init
 .text.SPI_GetPacketSize
                0x08005e90       0x10 build/stm32h7xx_hal_spi.o
 .text.HAL_SPI_Init
                0x08005ea0      0x190 build/stm32h7xx_hal_spi.o
                0x08005ea0                HAL_SPI_Init
 .text.UART_EndRxTransfer
                0x08006030       0x58 build/stm32h7xx_hal_uart.o
 .text.UART_SetConfig
                0x08006088      0x6bc build/stm32h7xx_hal_uart.o
                0x08006088                UART_SetConfig
 .text.UART_AdvFeatureConfig
                0x08006744       0xca build/stm32h7xx_hal_uart.o
                0x08006744                UART_AdvFeatureConfig
 .text.UART_WaitOnFlagUntilTimeout
                0x0800680e       0xa6 build/stm32h7xx_hal_uart.o
                0x0800680e                UART_WaitOnFlagUntilTimeout
 .text.UART_CheckIdleState
                0x080068b4       0xca build/stm32h7xx_hal_uart.o
                0x080068b4                UART_CheckIdleState
 .text.HAL_UART_Init
                0x0800697e       0x66 build/stm32h7xx_hal_uart.o
                0x0800697e                HAL_UART_Init
 .text.UARTEx_SetNbDataToProcess
                0x080069e4       0x4c build/stm32h7xx_hal_uart_ex.o
 .text.HAL_UARTEx_DisableFifoMode
                0x08006a30       0x3e build/stm32h7xx_hal_uart_ex.o
                0x08006a30                HAL_UARTEx_DisableFifoMode
 .text.HAL_UARTEx_SetTxFifoThreshold
                0x08006a6e       0x4a build/stm32h7xx_hal_uart_ex.o
                0x08006a6e                HAL_UARTEx_SetTxFifoThreshold
 .text.HAL_UARTEx_SetRxFifoThreshold
                0x08006ab8       0x4a build/stm32h7xx_hal_uart_ex.o
                0x08006ab8                HAL_UARTEx_SetRxFifoThreshold
 .text.PCD_WriteEmptyTxFifo
                0x08006b02       0xd0 build/stm32h7xx_hal_pcd.o
 .text.HAL_PCD_Init
                0x08006bd2      0x102 build/stm32h7xx_hal_pcd.o
                0x08006bd2                HAL_PCD_Init
 .text.HAL_PCD_Start
                0x08006cd4       0x44 build/stm32h7xx_hal_pcd.o
                0x08006cd4                HAL_PCD_Start
 .text.PCD_EP_OutXfrComplete_int
                0x08006d18      0x104 build/stm32h7xx_hal_pcd.o
 .text.PCD_EP_OutSetupPacket_int
                0x08006e1c       0x50 build/stm32h7xx_hal_pcd.o
 .text.HAL_PCD_SetAddress
                0x08006e6c       0x26 build/stm32h7xx_hal_pcd.o
                0x08006e6c                HAL_PCD_SetAddress
 .text.HAL_PCD_EP_Open
                0x08006e92       0x8c build/stm32h7xx_hal_pcd.o
                0x08006e92                HAL_PCD_EP_Open
 .text.HAL_PCD_EP_Close
                0x08006f1e       0x70 build/stm32h7xx_hal_pcd.o
                0x08006f1e                HAL_PCD_EP_Close
 .text.HAL_PCD_EP_Receive
                0x08006f8e       0x4a build/stm32h7xx_hal_pcd.o
                0x08006f8e                HAL_PCD_EP_Receive
 .text.HAL_PCD_EP_GetRxCount
                0x08006fd8       0x12 build/stm32h7xx_hal_pcd.o
                0x08006fd8                HAL_PCD_EP_GetRxCount
 .text.HAL_PCD_EP_Transmit
                0x08006fea       0x4a build/stm32h7xx_hal_pcd.o
                0x08006fea                HAL_PCD_EP_Transmit
 .text.HAL_PCD_EP_SetStall
                0x08007034       0x86 build/stm32h7xx_hal_pcd.o
                0x08007034                HAL_PCD_EP_SetStall
 .text.HAL_PCD_EP_ClrStall
                0x080070ba       0x74 build/stm32h7xx_hal_pcd.o
                0x080070ba                HAL_PCD_EP_ClrStall
 .text.HAL_PCD_EP_Abort
                0x0800712e       0x34 build/stm32h7xx_hal_pcd.o
                0x0800712e                HAL_PCD_EP_Abort
 .text.HAL_PCD_IRQHandler
                0x08007162      0x600 build/stm32h7xx_hal_pcd.o
                0x08007162                HAL_PCD_IRQHandler
 .text.HAL_PCDEx_SetTxFiFo
                0x08007762       0x4c build/stm32h7xx_hal_pcd_ex.o
                0x08007762                HAL_PCDEx_SetTxFiFo
 .text.HAL_PCDEx_SetRxFiFo
                0x080077ae        0x8 build/stm32h7xx_hal_pcd_ex.o
                0x080077ae                HAL_PCDEx_SetRxFiFo
 *fill*         0x080077b6        0x2 
 .text.HAL_PCDEx_ActivateLPM
                0x080077b8       0x28 build/stm32h7xx_hal_pcd_ex.o
                0x080077b8                HAL_PCDEx_ActivateLPM
 .text.HAL_PCDEx_LPM_Callback
                0x080077e0        0x2 build/stm32h7xx_hal_pcd_ex.o
                0x080077e0                HAL_PCDEx_LPM_Callback
 .text.USB_CoreReset
                0x080077e2       0x4a build/stm32h7xx_ll_usb.o
 .text.USB_CoreInit
                0x0800782c       0xa4 build/stm32h7xx_ll_usb.o
                0x0800782c                USB_CoreInit
 .text.USB_SetTurnaroundTime
                0x080078d0       0xe4 build/stm32h7xx_ll_usb.o
                0x080078d0                USB_SetTurnaroundTime
 .text.USB_EnableGlobalInt
                0x080079b4        0xc build/stm32h7xx_ll_usb.o
                0x080079b4                USB_EnableGlobalInt
 .text.USB_DisableGlobalInt
                0x080079c0        0xc build/stm32h7xx_ll_usb.o
                0x080079c0                USB_DisableGlobalInt
 .text.USB_FlushTxFifo
                0x080079cc       0x4a build/stm32h7xx_ll_usb.o
                0x080079cc                USB_FlushTxFifo
 .text.USB_FlushRxFifo
                0x08007a16       0x46 build/stm32h7xx_ll_usb.o
                0x08007a16                USB_FlushRxFifo
 .text.USB_SetDevSpeed
                0x08007a5c        0xe build/stm32h7xx_ll_usb.o
                0x08007a5c                USB_SetDevSpeed
 *fill*         0x08007a6a        0x2 
 .text.USB_DevInit
                0x08007a6c      0x190 build/stm32h7xx_ll_usb.o
                0x08007a6c                USB_DevInit
 .text.USB_GetDevSpeed
                0x08007bfc       0x22 build/stm32h7xx_ll_usb.o
                0x08007bfc                USB_GetDevSpeed
 *fill*         0x08007c1e        0x2 
 .text.USB_ActivateEndpoint
                0x08007c20       0x98 build/stm32h7xx_ll_usb.o
                0x08007c20                USB_ActivateEndpoint
 .text.USB_DeactivateEndpoint
                0x08007cb8       0xe0 build/stm32h7xx_ll_usb.o
                0x08007cb8                USB_DeactivateEndpoint
 .text.USB_EPStopXfer
                0x08007d98       0xbe build/stm32h7xx_ll_usb.o
                0x08007d98                USB_EPStopXfer
 .text.USB_WritePacket
                0x08007e56       0x2e build/stm32h7xx_ll_usb.o
                0x08007e56                USB_WritePacket
 .text.USB_EPStartXfer
                0x08007e84      0x244 build/stm32h7xx_ll_usb.o
                0x08007e84                USB_EPStartXfer
 .text.USB_ReadPacket
                0x080080c8       0x46 build/stm32h7xx_ll_usb.o
                0x080080c8                USB_ReadPacket
 .text.USB_EPSetStall
                0x0800810e       0x5a build/stm32h7xx_ll_usb.o
                0x0800810e                USB_EPSetStall
 .text.USB_EPClearStall
                0x08008168       0x5c build/stm32h7xx_ll_usb.o
                0x08008168                USB_EPClearStall
 .text.USB_SetDevAddress
                0x080081c4       0x20 build/stm32h7xx_ll_usb.o
                0x080081c4                USB_SetDevAddress
 .text.USB_DevConnect
                0x080081e4       0x1c build/stm32h7xx_ll_usb.o
                0x080081e4                USB_DevConnect
 .text.USB_DevDisconnect
                0x08008200       0x1c build/stm32h7xx_ll_usb.o
                0x08008200                USB_DevDisconnect
 .text.USB_ReadInterrupts
                0x0800821c        0x8 build/stm32h7xx_ll_usb.o
                0x0800821c                USB_ReadInterrupts
 .text.USB_ReadDevAllOutEpInterrupt
                0x08008224       0x10 build/stm32h7xx_ll_usb.o
                0x08008224                USB_ReadDevAllOutEpInterrupt
 .text.USB_ReadDevAllInEpInterrupt
                0x08008234       0x10 build/stm32h7xx_ll_usb.o
                0x08008234                USB_ReadDevAllInEpInterrupt
 .text.USB_ReadDevOutEPInterrupt
                0x08008244       0x12 build/stm32h7xx_ll_usb.o
                0x08008244                USB_ReadDevOutEPInterrupt
 .text.USB_ReadDevInEPInterrupt
                0x08008256       0x24 build/stm32h7xx_ll_usb.o
                0x08008256                USB_ReadDevInEPInterrupt
 .text.USB_GetMode
                0x0800827a        0x8 build/stm32h7xx_ll_usb.o
                0x0800827a                USB_GetMode
 .text.USB_SetCurrentMode
                0x08008282       0x62 build/stm32h7xx_ll_usb.o
                0x08008282                USB_SetCurrentMode
 .text.USB_ActivateSetup
                0x080082e4       0x1c build/stm32h7xx_ll_usb.o
                0x080082e4                USB_ActivateSetup
 .text.USB_EP0_OutStart
                0x08008300       0x60 build/stm32h7xx_ll_usb.o
                0x08008300                USB_EP0_OutStart
 .text.SystemInit
                0x08008360       0xd0 build/system_stm32h7xx.o
                0x08008360                SystemInit
 .text.ExitRun0Mode
                0x08008430       0x1c build/system_stm32h7xx.o
                0x08008430                ExitRun0Mode
 .text.ethernet_input
                0x0800844c       0xa8 build/ethernet.o
                0x0800844c                ethernet_input
 .text.ethernet_output
                0x080084f4       0x70 build/ethernet.o
                0x080084f4                ethernet_output
 .text.tcpip_timeouts_mbox_fetch
                0x08008564       0x60 build/tcpip.o
 .text.tcpip_thread_handle_msg
                0x080085c4       0x60 build/tcpip.o
 .text.tcpip_thread
                0x08008624       0x54 build/tcpip.o
 .text.tcpip_inpkt
                0x08008678       0x64 build/tcpip.o
                0x08008678                tcpip_inpkt
 .text.tcpip_input
                0x080086dc       0x24 build/tcpip.o
                0x080086dc                tcpip_input
 .text.tcpip_try_callback
                0x08008700       0x60 build/tcpip.o
                0x08008700                tcpip_try_callback
 .text.tcpip_init
                0x08008760       0x84 build/tcpip.o
                0x08008760                tcpip_init
 .text.do_memp_malloc_pool
                0x080087e4       0x34 build/memp.o
 .text.do_memp_free_pool
                0x08008818       0x34 build/memp.o
 .text.memp_init_pool
                0x0800884c       0x28 build/memp.o
                0x0800884c                memp_init_pool
 .text.memp_init
                0x08008874       0x20 build/memp.o
                0x08008874                memp_init
 .text.memp_malloc_pool
                0x08008894       0x2c build/memp.o
                0x08008894                memp_malloc_pool
 .text.memp_malloc
                0x080088c0       0x34 build/memp.o
                0x080088c0                memp_malloc
 .text.memp_free_pool
                0x080088f4       0x38 build/memp.o
                0x080088f4                memp_free_pool
 .text.memp_free
                0x0800892c       0x34 build/memp.o
                0x0800892c                memp_free
 .text.lwip_standard_chksum
                0x08008960       0x5e build/inet_chksum.o
                0x08008960                lwip_standard_chksum
 .text.inet_chksum
                0x080089be        0xc build/inet_chksum.o
                0x080089be                inet_chksum
 .text.inet_chksum_pbuf
                0x080089ca       0x48 build/inet_chksum.o
                0x080089ca                inet_chksum_pbuf
 *fill*         0x08008a12        0x2 
 .text.tcp_output_segment_busy
                0x08008a14       0x34 build/tcp_out.o
 .text.tcp_output_fill_options
                0x08008a48       0x40 build/tcp_out.o
 .text.tcp_create_segment
                0x08008a88       0xe4 build/tcp_out.o
 .text.tcp_output_alloc_header_common
                0x08008b6c       0x98 build/tcp_out.o
 .text.tcp_output_alloc_header
                0x08008c04       0x54 build/tcp_out.o
 .text.tcp_route
                0x08008c58       0x16 build/tcp_out.o
 *fill*         0x08008c6e        0x2 
 .text.tcp_output_segment
                0x08008c70      0x140 build/tcp_out.o
 .text.tcp_output_control_segment
                0x08008db0       0x6c build/tcp_out.o
 .text.tcp_split_unsent_seg
                0x08008e1c      0x1b8 build/tcp_out.o
                0x08008e1c                tcp_split_unsent_seg
 .text.tcp_enqueue_flags
                0x08008fd4      0x16c build/tcp_out.o
                0x08008fd4                tcp_enqueue_flags
 .text.tcp_send_fin
                0x08009140       0x64 build/tcp_out.o
                0x08009140                tcp_send_fin
 .text.tcp_rexmit_rto_prepare
                0x080091a4       0x94 build/tcp_out.o
                0x080091a4                tcp_rexmit_rto_prepare
 .text.tcp_rexmit
                0x08009238       0x88 build/tcp_out.o
                0x08009238                tcp_rexmit
 .text.tcp_rexmit_fast
                0x080092c0       0x78 build/tcp_out.o
                0x080092c0                tcp_rexmit_fast
 .text.tcp_rst  0x08009338       0x90 build/tcp_out.o
                0x08009338                tcp_rst
 .text.tcp_send_empty_ack
                0x080093c8       0x74 build/tcp_out.o
                0x080093c8                tcp_send_empty_ack
 .text.tcp_output
                0x0800943c      0x298 build/tcp_out.o
                0x0800943c                tcp_output
 .text.tcp_rexmit_rto_commit
                0x080096d4       0x38 build/tcp_out.o
                0x080096d4                tcp_rexmit_rto_commit
 .text.tcp_rexmit_rto
                0x0800970c       0x34 build/tcp_out.o
                0x0800970c                tcp_rexmit_rto
 .text.tcp_keepalive
                0x08009740       0x5c build/tcp_out.o
                0x08009740                tcp_keepalive
 .text.tcp_zero_window_probe
                0x0800979c       0xdc build/tcp_out.o
                0x0800979c                tcp_zero_window_probe
 .text.lwip_init
                0x08009878       0x20 build/init.o
                0x08009878                lwip_init
 .text.ptr_to_mem
                0x08009898        0xc build/mem.o
 .text.mem_to_ptr
                0x080098a4       0x10 build/mem.o
 .text.mem_link_valid
                0x080098b4       0x5c build/mem.o
 .text.plug_holes
                0x08009910       0xfc build/mem.o
 .text.mem_init
                0x08009a0c       0x68 build/mem.o
                0x08009a0c                mem_init
 .text.mem_free
                0x08009a74       0xd0 build/mem.o
                0x08009a74                mem_free
 .text.mem_trim
                0x08009b44      0x194 build/mem.o
                0x08009b44                mem_trim
 .text.mem_malloc
                0x08009cd8      0x17c build/mem.o
                0x08009cd8                mem_malloc
 .text.lwip_htons
                0x08009e54        0xa build/def.o
                0x08009e54                lwip_htons
 .text.lwip_htonl
                0x08009e5e       0x18 build/def.o
                0x08009e5e                lwip_htonl
 *fill*         0x08009e76        0x2 
 .text.udp_new_port
                0x08009e78       0x4c build/udp.o
 .text.udp_input_local_match
                0x08009ec4       0xa0 build/udp.o
 .text.udp_init
                0x08009f64       0x18 build/udp.o
                0x08009f64                udp_init
 .text.udp_input
                0x08009f7c      0x188 build/udp.o
                0x08009f7c                udp_input
 .text.udp_bind
                0x0800a104       0xb4 build/udp.o
                0x0800a104                udp_bind
 .text.udp_sendto_if_src
                0x0800a1b8      0x16c build/udp.o
                0x0800a1b8                udp_sendto_if_src
 .text.udp_sendto_if
                0x0800a324       0xa8 build/udp.o
                0x0800a324                udp_sendto_if
 .text.udp_sendto
                0x0800a3cc       0x8c build/udp.o
                0x0800a3cc                udp_sendto
 .text.udp_send
                0x0800a458       0x48 build/udp.o
                0x0800a458                udp_send
 .text.udp_connect
                0x0800a4a0       0x84 build/udp.o
                0x0800a4a0                udp_connect
 .text.udp_new  0x0800a524       0x1c build/udp.o
                0x0800a524                udp_new
 .text.udp_netif_ip_addr_changed
                0x0800a540       0x38 build/udp.o
                0x0800a540                udp_netif_ip_addr_changed
 .text.tcp_get_next_optbyte
                0x0800a578       0x3c build/tcp_in.o
 .text.tcp_parseopt
                0x0800a5b4       0xa4 build/tcp_in.o
 .text.tcp_input_delayed_close
                0x0800a658       0x60 build/tcp_in.o
 .text.tcp_timewait_input
                0x0800a6b8       0xb8 build/tcp_in.o
 .text.tcp_listen_input
                0x0800a770      0x150 build/tcp_in.o
 .text.tcp_free_acked_segments
                0x0800a8c0       0xc0 build/tcp_in.o
 .text.tcp_oos_insert_segment
                0x0800a980       0xa8 build/tcp_in.o
 .text.tcp_receive
                0x0800aa28      0x940 build/tcp_in.o
 .text.tcp_process
                0x0800b368      0x584 build/tcp_in.o
 .text.tcp_input
                0x0800b8ec      0x588 build/tcp_in.o
                0x0800b8ec                tcp_input
 .text.tcp_trigger_input_pcb_close
                0x0800be74       0x10 build/tcp_in.o
                0x0800be74                tcp_trigger_input_pcb_close
 .text.netif_do_set_netmask
                0x0800be84       0x12 build/netif.o
 .text.netif_do_set_gw
                0x0800be96       0x12 build/netif.o
 .text.netif_null_output_ip4
                0x0800bea8        0x6 build/netif.o
 .text.netif_do_ip_addr_changed
                0x0800beae       0x14 build/netif.o
 *fill*         0x0800bec2        0x2 
 .text.netif_issue_reports
                0x0800bec4       0x50 build/netif.o
 .text.netif_do_set_ipaddr
                0x0800bf14       0x6c build/netif.o
 .text.netif_init
                0x0800bf80        0x2 build/netif.o
                0x0800bf80                netif_init
 *fill*         0x0800bf82        0x2 
 .text.netif_set_addr
                0x0800bf84       0x6c build/netif.o
                0x0800bf84                netif_set_addr
 .text.netif_add
                0x0800bff0      0x124 build/netif.o
                0x0800bff0                netif_add
 .text.netif_set_default
                0x0800c114        0xc build/netif.o
                0x0800c114                netif_set_default
 .text.netif_set_up
                0x0800c120       0x3c build/netif.o
                0x0800c120                netif_set_up
 .text.netif_set_down
                0x0800c15c       0x40 build/netif.o
                0x0800c15c                netif_set_down
 .text.netif_set_link_up
                0x0800c19c       0x48 build/netif.o
                0x0800c19c                netif_set_link_up
 .text.netif_set_link_down
                0x0800c1e4       0x3c build/netif.o
                0x0800c1e4                netif_set_link_down
 .text.netif_set_link_callback
                0x0800c220        0x6 build/netif.o
                0x0800c220                netif_set_link_callback
 *fill*         0x0800c226        0x2 
 .text.netif_get_by_index
                0x0800c228       0x24 build/netif.o
                0x0800c228                netif_get_by_index
 .text.tcp_remove_listener
                0x0800c24c       0x34 build/tcp.o
 .text.tcp_listen_closed
                0x0800c280       0x5c build/tcp.o
 .text.tcp_free_listen
                0x0800c2dc       0x30 build/tcp.o
 .text.tcp_close_shutdown_fin
                0x0800c30c       0x80 build/tcp.o
 .text.tcp_handle_closepend
                0x0800c38c       0x2c build/tcp.o
 .text.tcp_init
                0x0800c3b8       0x18 build/tcp.o
                0x0800c3b8                tcp_init
 .text.tcp_free
                0x0800c3d0       0x30 build/tcp.o
                0x0800c3d0                tcp_free
 .text.tcp_update_rcv_ann_wnd
                0x0800c400       0x78 build/tcp.o
                0x0800c400                tcp_update_rcv_ann_wnd
 .text.tcp_recved
                0x0800c478       0x7c build/tcp.o
                0x0800c478                tcp_recved
 .text.tcp_seg_free
                0x0800c4f4       0x1a build/tcp.o
                0x0800c4f4                tcp_seg_free
 .text.tcp_segs_free
                0x0800c50e       0x14 build/tcp.o
                0x0800c50e                tcp_segs_free
 *fill*         0x0800c522        0x2 
 .text.tcp_seg_copy
                0x0800c524       0x48 build/tcp.o
                0x0800c524                tcp_seg_copy
 .text.tcp_next_iss
                0x0800c56c       0x38 build/tcp.o
                0x0800c56c                tcp_next_iss
 .text.tcp_eff_send_mss_netif
                0x0800c5a4       0x40 build/tcp.o
                0x0800c5a4                tcp_eff_send_mss_netif
 .text.tcp_free_ooseq
                0x0800c5e4       0x12 build/tcp.o
                0x0800c5e4                tcp_free_ooseq
 *fill*         0x0800c5f6        0x2 
 .text.tcp_pcb_purge
                0x0800c5f8       0x64 build/tcp.o
                0x0800c5f8                tcp_pcb_purge
 .text.tcp_pcb_remove
                0x0800c65c       0xd0 build/tcp.o
                0x0800c65c                tcp_pcb_remove
 .text.tcp_abandon
                0x0800c72c      0x10c build/tcp.o
                0x0800c72c                tcp_abandon
 .text.tcp_abort
                0x0800c838        0xa build/tcp.o
                0x0800c838                tcp_abort
 *fill*         0x0800c842        0x2 
 .text.tcp_kill_timewait
                0x0800c844       0x34 build/tcp.o
 .text.tcp_kill_prio
                0x0800c878       0x58 build/tcp.o
 .text.tcp_netif_ip_addr_changed_pcblist
                0x0800c8d0       0x40 build/tcp.o
 .text.tcp_netif_ip_addr_changed
                0x0800c910       0x54 build/tcp.o
                0x0800c910                tcp_netif_ip_addr_changed
 .text.tcp_kill_state
                0x0800c964       0x64 build/tcp.o
 .text.tcp_alloc
                0x0800c9c8       0xc0 build/tcp.o
                0x0800c9c8                tcp_alloc
 .text.tcp_close_shutdown
                0x0800ca88      0x150 build/tcp.o
 .text.tcp_close
                0x0800cbd8       0x40 build/tcp.o
                0x0800cbd8                tcp_close
 .text.tcp_recv_null
                0x0800cc18       0x48 build/tcp.o
                0x0800cc18                tcp_recv_null
 .text.tcp_process_refused_data
                0x0800cc60       0x90 build/tcp.o
                0x0800cc60                tcp_process_refused_data
 .text.tcp_fasttmr
                0x0800ccf0       0x80 build/tcp.o
                0x0800ccf0                tcp_fasttmr
 .text.tcp_slowtmr
                0x0800cd70      0x4a8 build/tcp.o
                0x0800cd70                tcp_slowtmr
 .text.tcp_tmr  0x0800d218       0x24 build/tcp.o
                0x0800d218                tcp_tmr
 .text.pbuf_init_alloced_pbuf
                0x0800d23c       0x24 build/pbuf.o
 .text.pbuf_add_header_impl
                0x0800d260       0x7c build/pbuf.o
 .text.pbuf_pool_is_empty
                0x0800d2dc       0x2c build/pbuf.o
 .text.pbuf_free_ooseq
                0x0800d308       0x28 build/pbuf.o
 .text.pbuf_free_ooseq_callback
                0x0800d330        0x8 build/pbuf.o
 .text.pbuf_alloc_reference
                0x0800d338       0x50 build/pbuf.o
                0x0800d338                pbuf_alloc_reference
 .text.pbuf_alloced_custom
                0x0800d388       0x3e build/pbuf.o
                0x0800d388                pbuf_alloced_custom
 .text.pbuf_add_header
                0x0800d3c6        0xa build/pbuf.o
                0x0800d3c6                pbuf_add_header
 .text.pbuf_remove_header
                0x0800d3d0       0x6c build/pbuf.o
                0x0800d3d0                pbuf_remove_header
 .text.pbuf_header_impl
                0x0800d43c       0x14 build/pbuf.o
 .text.pbuf_header_force
                0x0800d450        0xa build/pbuf.o
                0x0800d450                pbuf_header_force
 *fill*         0x0800d45a        0x2 
 .text.pbuf_free
                0x0800d45c       0xc4 build/pbuf.o
                0x0800d45c                pbuf_free
 .text.pbuf_alloc
                0x0800d520      0x158 build/pbuf.o
                0x0800d520                pbuf_alloc
 .text.pbuf_realloc
                0x0800d678       0xa8 build/pbuf.o
                0x0800d678                pbuf_realloc
 .text.pbuf_clen
                0x0800d720       0x12 build/pbuf.o
                0x0800d720                pbuf_clen
 *fill*         0x0800d732        0x2 
 .text.pbuf_ref
                0x0800d734       0x30 build/pbuf.o
                0x0800d734                pbuf_ref
 .text.pbuf_cat
                0x0800d764       0x78 build/pbuf.o
                0x0800d764                pbuf_cat
 .text.pbuf_chain
                0x0800d7dc       0x10 build/pbuf.o
                0x0800d7dc                pbuf_chain
 .text.pbuf_copy
                0x0800d7ec      0x128 build/pbuf.o
                0x0800d7ec                pbuf_copy
 .text.pbuf_copy_partial
                0x0800d914       0x9c build/pbuf.o
                0x0800d914                pbuf_copy_partial
 .text.pbuf_clone
                0x0800d9b0       0x38 build/pbuf.o
                0x0800d9b0                pbuf_clone
 .text.sys_timeout_abs
                0x0800d9e8       0x70 build/timeouts.o
 .text.lwip_cyclic_timer
                0x0800da58       0x40 build/timeouts.o
 .text.sys_timeout
                0x0800da98       0x3c build/timeouts.o
                0x0800da98                sys_timeout
 .text.tcp_timer_needed
                0x0800dad4       0x3c build/timeouts.o
                0x0800dad4                tcp_timer_needed
 .text.tcpip_tcp_timer
                0x0800db10       0x38 build/timeouts.o
 .text.sys_timeouts_init
                0x0800db48       0x28 build/timeouts.o
                0x0800db48                sys_timeouts_init
 .text.sys_check_timeouts
                0x0800db70       0x40 build/timeouts.o
                0x0800db70                sys_check_timeouts
 .text.sys_timeouts_sleeptime
                0x0800dbb0       0x48 build/timeouts.o
                0x0800dbb0                sys_timeouts_sleeptime
 .text.etharp_free_entry
                0x0800dbf8       0x34 build/etharp.o
 .text.etharp_find_entry
                0x0800dc2c      0x1b0 build/etharp.o
 .text.etharp_update_arp_entry
                0x0800dddc       0xc4 build/etharp.o
 .text.etharp_raw
                0x0800dea0       0xe8 build/etharp.o
 .text.etharp_request_dst
                0x0800df88       0x24 build/etharp.o
 .text.etharp_cleanup_netif
                0x0800dfac       0x38 build/etharp.o
                0x0800dfac                etharp_cleanup_netif
 .text.etharp_input
                0x0800dfe4       0xb8 build/etharp.o
                0x0800dfe4                etharp_input
 .text.etharp_request
                0x0800e09c       0x10 build/etharp.o
                0x0800e09c                etharp_request
 .text.etharp_tmr
                0x0800e0ac       0x88 build/etharp.o
                0x0800e0ac                etharp_tmr
 .text.etharp_output_to_arp_index
                0x0800e134       0xd8 build/etharp.o
 .text.etharp_query
                0x0800e20c      0x198 build/etharp.o
                0x0800e20c                etharp_query
 .text.etharp_output
                0x0800e3a4      0x16c build/etharp.o
                0x0800e3a4                etharp_output
 .text.icmp_send_response
                0x0800e510       0xb8 build/icmp.o
 .text.icmp_input
                0x0800e5c8      0x16c build/icmp.o
                0x0800e5c8                icmp_input
 .text.icmp_dest_unreach
                0x0800e734        0xc build/icmp.o
                0x0800e734                icmp_dest_unreach
 .text.icmp_time_exceeded
                0x0800e740        0xc build/icmp.o
                0x0800e740                icmp_time_exceeded
 .text.ip4_input_accept
                0x0800e74c       0x34 build/ip4.o
 .text.ip4_route
                0x0800e780       0xb4 build/ip4.o
                0x0800e780                ip4_route
 .text.ip4_input
                0x0800e834      0x198 build/ip4.o
                0x0800e834                ip4_input
 .text.ip4_output_if_src
                0x0800e9cc      0x100 build/ip4.o
                0x0800e9cc                ip4_output_if_src
 .text.ip4_output_if
                0x0800eacc       0x2a build/ip4.o
                0x0800eacc                ip4_output_if
 *fill*         0x0800eaf6        0x2 
 .text.ip_reass_dequeue_datagram
                0x0800eaf8       0x48 build/ip4_frag.o
 .text.ip_reass_free_complete_datagram
                0x0800eb40       0xfc build/ip4_frag.o
 .text.ip_reass_remove_oldest_datagram
                0x0800ec3c       0x80 build/ip4_frag.o
 .text.ip_frag_free_pbuf_custom_ref
                0x0800ecbc       0x2c build/ip4_frag.o
 .text.ipfrag_free_pbuf_custom
                0x0800ece8       0x34 build/ip4_frag.o
 .text.ip_reass_chain_frag_into_datagram_and_validate
                0x0800ed1c      0x1bc build/ip4_frag.o
 .text.ip_frag_alloc_pbuf_custom_ref
                0x0800eed8        0xa build/ip4_frag.o
 *fill*         0x0800eee2        0x2 
 .text.ip_reass_enqueue_new_datagram
                0x0800eee4       0x60 build/ip4_frag.o
 .text.ip_reass_tmr
                0x0800ef44       0x2c build/ip4_frag.o
                0x0800ef44                ip_reass_tmr
 .text.ip4_reass
                0x0800ef70      0x210 build/ip4_frag.o
                0x0800ef70                ip4_reass
 .text.ip4_frag
                0x0800f180      0x200 build/ip4_frag.o
                0x0800f180                ip4_frag
 .text.ip4_addr_isbroadcast_u32
                0x0800f380       0x40 build/ip4_addr.o
                0x0800f380                ip4_addr_isbroadcast_u32
 .text.MX_USB_DEVICE_Init
                0x0800f3c0       0x58 build/usb_device.o
                0x0800f3c0                MX_USB_DEVICE_Init
 .text.USBD_HS_DeviceDescriptor
                0x0800f418        0xc build/usbd_desc.o
                0x0800f418                USBD_HS_DeviceDescriptor
 .text.USBD_HS_LangIDStrDescriptor
                0x0800f424        0xc build/usbd_desc.o
                0x0800f424                USBD_HS_LangIDStrDescriptor
 .text.IntToUnicode
                0x0800f430       0x46 build/usbd_desc.o
 *fill*         0x0800f476        0x2 
 .text.Get_SerialNum
                0x0800f478       0x38 build/usbd_desc.o
 .text.USBD_HS_SerialStrDescriptor
                0x0800f4b0       0x14 build/usbd_desc.o
                0x0800f4b0                USBD_HS_SerialStrDescriptor
 .text.USBD_HS_ProductStrDescriptor
                0x0800f4c4       0x24 build/usbd_desc.o
                0x0800f4c4                USBD_HS_ProductStrDescriptor
 .text.USBD_HS_ManufacturerStrDescriptor
                0x0800f4e8       0x1c build/usbd_desc.o
                0x0800f4e8                USBD_HS_ManufacturerStrDescriptor
 .text.USBD_HS_ConfigStrDescriptor
                0x0800f504       0x24 build/usbd_desc.o
                0x0800f504                USBD_HS_ConfigStrDescriptor
 .text.USBD_HS_InterfaceStrDescriptor
                0x0800f528       0x24 build/usbd_desc.o
                0x0800f528                USBD_HS_InterfaceStrDescriptor
 .text.CDC_DeInit_HS
                0x0800f54c        0x4 build/usbd_cdc_if.o
 .text.CDC_Control_HS
                0x0800f550        0x4 build/usbd_cdc_if.o
 .text.CDC_TransmitCplt_HS
                0x0800f554        0x4 build/usbd_cdc_if.o
 .text.CDC_Init_HS
                0x0800f558       0x28 build/usbd_cdc_if.o
 .text.CDC_Transmit_HS
                0x0800f580       0x2c build/usbd_cdc_if.o
                0x0800f580                CDC_Transmit_HS
 .text.CDC_Receive_HS
                0x0800f5ac       0x24 build/usbd_cdc_if.o
 .text.HAL_PCD_MspInit
                0x0800f5d0       0x74 build/usbd_conf.o
                0x0800f5d0                HAL_PCD_MspInit
 .text.HAL_PCD_SetupStageCallback
                0x0800f644       0x10 build/usbd_conf.o
                0x0800f644                HAL_PCD_SetupStageCallback
 .text.HAL_PCD_DataOutStageCallback
                0x0800f654       0x18 build/usbd_conf.o
                0x0800f654                HAL_PCD_DataOutStageCallback
 .text.HAL_PCD_DataInStageCallback
                0x0800f66c       0x16 build/usbd_conf.o
                0x0800f66c                HAL_PCD_DataInStageCallback
 .text.HAL_PCD_SOFCallback
                0x0800f682        0xc build/usbd_conf.o
                0x0800f682                HAL_PCD_SOFCallback
 .text.HAL_PCD_ResetCallback
                0x0800f68e       0x28 build/usbd_conf.o
                0x0800f68e                HAL_PCD_ResetCallback
 *fill*         0x0800f6b6        0x2 
 .text.HAL_PCD_SuspendCallback
                0x0800f6b8       0x30 build/usbd_conf.o
                0x0800f6b8                HAL_PCD_SuspendCallback
 .text.HAL_PCD_ResumeCallback
                0x0800f6e8        0xc build/usbd_conf.o
                0x0800f6e8                HAL_PCD_ResumeCallback
 .text.HAL_PCD_ISOOUTIncompleteCallback
                0x0800f6f4        0xc build/usbd_conf.o
                0x0800f6f4                HAL_PCD_ISOOUTIncompleteCallback
 .text.HAL_PCD_ISOINIncompleteCallback
                0x0800f700        0xc build/usbd_conf.o
                0x0800f700                HAL_PCD_ISOINIncompleteCallback
 .text.HAL_PCD_ConnectCallback
                0x0800f70c        0xc build/usbd_conf.o
                0x0800f70c                HAL_PCD_ConnectCallback
 .text.HAL_PCD_DisconnectCallback
                0x0800f718        0xc build/usbd_conf.o
                0x0800f718                HAL_PCD_DisconnectCallback
 .text.USBD_LL_Init
                0x0800f724       0x70 build/usbd_conf.o
                0x0800f724                USBD_LL_Init
 .text.USBD_LL_IsStallEP
                0x0800f794       0x2c build/usbd_conf.o
                0x0800f794                USBD_LL_IsStallEP
 .text.USBD_LL_GetRxDataSize
                0x0800f7c0        0xc build/usbd_conf.o
                0x0800f7c0                USBD_LL_GetRxDataSize
 .text.USBD_static_malloc
                0x0800f7cc        0x8 build/usbd_conf.o
                0x0800f7cc                USBD_static_malloc
 .text.USBD_static_free
                0x0800f7d4        0x2 build/usbd_conf.o
                0x0800f7d4                USBD_static_free
 .text.USBD_Get_USB_Status
                0x0800f7d6       0x14 build/usbd_conf.o
                0x0800f7d6                USBD_Get_USB_Status
 .text.USBD_LL_Start
                0x0800f7ea       0x10 build/usbd_conf.o
                0x0800f7ea                USBD_LL_Start
 .text.USBD_LL_OpenEP
                0x0800f7fa       0x16 build/usbd_conf.o
                0x0800f7fa                USBD_LL_OpenEP
 .text.USBD_LL_CloseEP
                0x0800f810       0x10 build/usbd_conf.o
                0x0800f810                USBD_LL_CloseEP
 .text.USBD_LL_StallEP
                0x0800f820       0x10 build/usbd_conf.o
                0x0800f820                USBD_LL_StallEP
 .text.USBD_LL_ClearStallEP
                0x0800f830       0x10 build/usbd_conf.o
                0x0800f830                USBD_LL_ClearStallEP
 .text.USBD_LL_SetUSBAddress
                0x0800f840       0x10 build/usbd_conf.o
                0x0800f840                USBD_LL_SetUSBAddress
 .text.USBD_LL_Transmit
                0x0800f850       0x10 build/usbd_conf.o
                0x0800f850                USBD_LL_Transmit
 .text.USBD_LL_PrepareReceive
                0x0800f860       0x10 build/usbd_conf.o
                0x0800f860                USBD_LL_PrepareReceive
 .text.USBD_Init
                0x0800f870       0x2e build/usbd_core.o
                0x0800f870                USBD_Init
 .text.USBD_RegisterClass
                0x0800f89e       0x40 build/usbd_core.o
                0x0800f89e                USBD_RegisterClass
 .text.USBD_Start
                0x0800f8de        0x8 build/usbd_core.o
                0x0800f8de                USBD_Start
 .text.USBD_SetClassConfig
                0x0800f8e6       0x12 build/usbd_core.o
                0x0800f8e6                USBD_SetClassConfig
 .text.USBD_ClrClassConfig
                0x0800f8f8       0x12 build/usbd_core.o
                0x0800f8f8                USBD_ClrClassConfig
 .text.USBD_LL_SetupStage
                0x0800f90a       0x58 build/usbd_core.o
                0x0800f90a                USBD_LL_SetupStage
 .text.USBD_LL_Reset
                0x0800f962       0x64 build/usbd_core.o
                0x0800f962                USBD_LL_Reset
 .text.USBD_LL_SetSpeed
                0x0800f9c6        0x6 build/usbd_core.o
                0x0800f9c6                USBD_LL_SetSpeed
 .text.USBD_LL_Suspend
                0x0800f9cc       0x1c build/usbd_core.o
                0x0800f9cc                USBD_LL_Suspend
 .text.USBD_LL_Resume
                0x0800f9e8       0x18 build/usbd_core.o
                0x0800f9e8                USBD_LL_Resume
 .text.USBD_LL_SOF
                0x0800fa00       0x20 build/usbd_core.o
                0x0800fa00                USBD_LL_SOF
 .text.USBD_LL_IsoINIncomplete
                0x0800fa20       0x2c build/usbd_core.o
                0x0800fa20                USBD_LL_IsoINIncomplete
 .text.USBD_LL_IsoOUTIncomplete
                0x0800fa4c       0x2c build/usbd_core.o
                0x0800fa4c                USBD_LL_IsoOUTIncomplete
 .text.USBD_LL_DevConnected
                0x0800fa78        0x4 build/usbd_core.o
                0x0800fa78                USBD_LL_DevConnected
 .text.USBD_LL_DevDisconnected
                0x0800fa7c       0x20 build/usbd_core.o
                0x0800fa7c                USBD_LL_DevDisconnected
 .text.USBD_CoreFindIF
                0x0800fa9c        0x4 build/usbd_core.o
                0x0800fa9c                USBD_CoreFindIF
 .text.USBD_CoreFindEP
                0x0800faa0        0x4 build/usbd_core.o
                0x0800faa0                USBD_CoreFindEP
 .text.USBD_LL_DataOutStage
                0x0800faa4       0xc0 build/usbd_core.o
                0x0800faa4                USBD_LL_DataOutStage
 .text.USBD_LL_DataInStage
                0x0800fb64       0xd2 build/usbd_core.o
                0x0800fb64                USBD_LL_DataInStage
 .text.USBD_GetNextDesc
                0x0800fc36        0xe build/usbd_core.o
                0x0800fc36                USBD_GetNextDesc
 .text.USBD_GetEpDesc
                0x0800fc44       0x3e build/usbd_core.o
                0x0800fc44                USBD_GetEpDesc
 .text.USBD_GetLen
                0x0800fc82       0x14 build/usbd_ctlreq.o
 .text.USBD_ParseSetupRequest
                0x0800fc96       0x28 build/usbd_ctlreq.o
                0x0800fc96                USBD_ParseSetupRequest
 .text.USBD_CtlError
                0x0800fcbe       0x14 build/usbd_ctlreq.o
                0x0800fcbe                USBD_CtlError
 .text.USBD_GetDescriptor
                0x0800fcd2      0x1ac build/usbd_ctlreq.o
 .text.USBD_SetAddress
                0x0800fe7e       0x4e build/usbd_ctlreq.o
 .text.USBD_SetConfig
                0x0800fecc       0xcc build/usbd_ctlreq.o
 .text.USBD_GetConfig
                0x0800ff98       0x40 build/usbd_ctlreq.o
 .text.USBD_GetStatus
                0x0800ffd8       0x38 build/usbd_ctlreq.o
 .text.USBD_SetFeature
                0x08010010       0x2a build/usbd_ctlreq.o
 .text.USBD_ClrFeature
                0x0801003a       0x26 build/usbd_ctlreq.o
 .text.USBD_StdDevReq
                0x08010060       0x76 build/usbd_ctlreq.o
                0x08010060                USBD_StdDevReq
 .text.USBD_StdItfReq
                0x080100d6       0x84 build/usbd_ctlreq.o
                0x080100d6                USBD_StdItfReq
 .text.USBD_StdEPReq
                0x0801015a      0x23a build/usbd_ctlreq.o
                0x0801015a                USBD_StdEPReq
 .text.USBD_GetString
                0x08010394       0x46 build/usbd_ctlreq.o
                0x08010394                USBD_GetString
 .text.USBD_CtlSendData
                0x080103da       0x1a build/usbd_ioreq.o
                0x080103da                USBD_CtlSendData
 .text.USBD_CtlContinueSendData
                0x080103f4       0x10 build/usbd_ioreq.o
                0x080103f4                USBD_CtlContinueSendData
 .text.USBD_CtlPrepareRx
                0x08010404       0x1e build/usbd_ioreq.o
                0x08010404                USBD_CtlPrepareRx
 .text.USBD_CtlContinueRx
                0x08010422       0x10 build/usbd_ioreq.o
                0x08010422                USBD_CtlContinueRx
 .text.USBD_CtlSendStatus
                0x08010432       0x16 build/usbd_ioreq.o
                0x08010432                USBD_CtlSendStatus
 .text.USBD_CtlReceiveStatus
                0x08010448       0x16 build/usbd_ioreq.o
                0x08010448                USBD_CtlReceiveStatus
 .text.USBD_CDC_EP0_RxReady
                0x0801045e       0x40 build/usbd_cdc.o
 *fill*         0x0801049e        0x2 
 .text.USBD_CDC_GetDeviceQualifierDescriptor
                0x080104a0        0xc build/usbd_cdc.o
                0x080104a0                USBD_CDC_GetDeviceQualifierDescriptor
 .text.USBD_CDC_GetOtherSpeedCfgDesc
                0x080104ac       0x48 build/usbd_cdc.o
 .text.USBD_CDC_GetFSCfgDesc
                0x080104f4       0x48 build/usbd_cdc.o
 .text.USBD_CDC_GetHSCfgDesc
                0x0801053c       0x48 build/usbd_cdc.o
 .text.USBD_CDC_DataOut
                0x08010584       0x38 build/usbd_cdc.o
 .text.USBD_CDC_DataIn
                0x080105bc       0x7c build/usbd_cdc.o
 .text.USBD_CDC_Setup
                0x08010638      0x114 build/usbd_cdc.o
 .text.USBD_CDC_DeInit
                0x0801074c       0x64 build/usbd_cdc.o
 .text.USBD_CDC_Init
                0x080107b0       0xee build/usbd_cdc.o
 .text.USBD_CDC_RegisterInterface
                0x0801089e       0x16 build/usbd_cdc.o
                0x0801089e                USBD_CDC_RegisterInterface
 .text.USBD_CDC_SetTxBuffer
                0x080108b4       0x1c build/usbd_cdc.o
                0x080108b4                USBD_CDC_SetTxBuffer
 .text.USBD_CDC_SetRxBuffer
                0x080108d0       0x18 build/usbd_cdc.o
                0x080108d0                USBD_CDC_SetRxBuffer
 .text.USBD_CDC_TransmitPacket
                0x080108e8       0x36 build/usbd_cdc.o
                0x080108e8                USBD_CDC_TransmitPacket
 .text.USBD_CDC_ReceivePacket
                0x0801091e       0x38 build/usbd_cdc.o
                0x0801091e                USBD_CDC_ReceivePacket
 *fill*         0x08010956        0x2 
 .text.vApplicationGetIdleTaskMemory
                0x08010958       0x18 build/freertos.o
                0x08010958                vApplicationGetIdleTaskMemory
 .text.HAL_InitTick
                0x08010970       0x9c build/stm32h7xx_hal_timebase_tim.o
                0x08010970                HAL_InitTick
 .text.vListInitialise
                0x08010a0c       0x16 build/list.o
                0x08010a0c                vListInitialise
 .text.vListInitialiseItem
                0x08010a22        0x6 build/list.o
                0x08010a22                vListInitialiseItem
 .text.vListInsertEnd
                0x08010a28       0x16 build/list.o
                0x08010a28                vListInsertEnd
 .text.vListInsert
                0x08010a3e       0x32 build/list.o
                0x08010a3e                vListInsert
 .text.uxListRemove
                0x08010a70       0x26 build/list.o
                0x08010a70                uxListRemove
 .text.prvGetDisinheritPriorityAfterTimeout
                0x08010a96       0x10 build/queue.o
 .text.prvIsQueueFull
                0x08010aa6       0x1e build/queue.o
 .text.prvIsQueueEmpty
                0x08010ac4       0x1a build/queue.o
 .text.prvCopyDataToQueue
                0x08010ade       0x76 build/queue.o
 .text.prvCopyDataFromQueue
                0x08010b54       0x24 build/queue.o
 .text.prvUnlockQueue
                0x08010b78       0x6e build/queue.o
 .text.xQueueGenericReset
                0x08010be6       0x84 build/queue.o
                0x08010be6                xQueueGenericReset
 .text.prvInitialiseNewQueue
                0x08010c6a       0x1c build/queue.o
 .text.xQueueGenericCreateStatic
                0x08010c86       0xa6 build/queue.o
                0x08010c86                xQueueGenericCreateStatic
 .text.xQueueGenericCreate
                0x08010d2c       0x48 build/queue.o
                0x08010d2c                xQueueGenericCreate
 .text.xQueueGenericSend
                0x08010d74      0x188 build/queue.o
                0x08010d74                xQueueGenericSend
 .text.prvInitialiseMutex
                0x08010efc       0x18 build/queue.o
 .text.xQueueCreateMutex
                0x08010f14       0x16 build/queue.o
                0x08010f14                xQueueCreateMutex
 .text.xQueueCreateMutexStatic
                0x08010f2a       0x1e build/queue.o
                0x08010f2a                xQueueCreateMutexStatic
 .text.xQueueGenericSendFromISR
                0x08010f48       0xce build/queue.o
                0x08010f48                xQueueGenericSendFromISR
 .text.xQueueGiveFromISR
                0x08011016       0xb2 build/queue.o
                0x08011016                xQueueGiveFromISR
 .text.xQueueReceive
                0x080110c8      0x15e build/queue.o
                0x080110c8                xQueueReceive
 .text.xQueueSemaphoreTake
                0x08011226      0x1a6 build/queue.o
                0x08011226                xQueueSemaphoreTake
 .text.xQueueReceiveFromISR
                0x080113cc       0xae build/queue.o
                0x080113cc                xQueueReceiveFromISR
 *fill*         0x0801147a        0x2 
 .text.prvResetNextTaskUnblockTime
                0x0801147c       0x2c build/tasks.o
 .text.prvInitialiseNewTask
                0x080114a8       0x9c build/tasks.o
 .text.prvInitialiseTaskLists
                0x08011544       0x68 build/tasks.o
 .text.prvAddNewTaskToReadyList
                0x080115ac       0xa8 build/tasks.o
 .text.prvDeleteTCB
                0x08011654       0x38 build/tasks.o
 .text.prvCheckTasksWaitingTermination
                0x0801168c       0x4c build/tasks.o
 .text.prvIdleTask
                0x080116d8       0x28 build/tasks.o
 .text.prvAddCurrentTaskToDelayedList
                0x08011700       0xa0 build/tasks.o
 .text.xTaskCreateStatic
                0x080117a0       0x76 build/tasks.o
                0x080117a0                xTaskCreateStatic
 .text.xTaskCreate
                0x08011816       0x64 build/tasks.o
                0x08011816                xTaskCreate
 *fill*         0x0801187a        0x2 
 .text.vTaskStartScheduler
                0x0801187c       0x74 build/tasks.o
                0x0801187c                vTaskStartScheduler
 .text.vTaskSuspendAll
                0x080118f0       0x10 build/tasks.o
                0x080118f0                vTaskSuspendAll
 .text.xTaskGetTickCount
                0x08011900        0xc build/tasks.o
                0x08011900                xTaskGetTickCount
 .text.xTaskGetTickCountFromISR
                0x0801190c       0x10 build/tasks.o
                0x0801190c                xTaskGetTickCountFromISR
 .text.xTaskIncrementTick
                0x0801191c      0x118 build/tasks.o
                0x0801191c                xTaskIncrementTick
 .text.xTaskResumeAll
                0x08011a34       0xf8 build/tasks.o
                0x08011a34                xTaskResumeAll
 .text.vTaskDelay
                0x08011b2c       0x4c build/tasks.o
                0x08011b2c                vTaskDelay
 .text.vTaskSwitchContext
                0x08011b78       0x98 build/tasks.o
                0x08011b78                vTaskSwitchContext
 .text.vTaskPlaceOnEventList
                0x08011c10       0x30 build/tasks.o
                0x08011c10                vTaskPlaceOnEventList
 .text.xTaskRemoveFromEventList
                0x08011c40       0x8c build/tasks.o
                0x08011c40                xTaskRemoveFromEventList
 .text.vTaskInternalSetTimeOutState
                0x08011ccc       0x18 build/tasks.o
                0x08011ccc                vTaskInternalSetTimeOutState
 .text.xTaskCheckForTimeOut
                0x08011ce4       0x88 build/tasks.o
                0x08011ce4                xTaskCheckForTimeOut
 .text.vTaskMissedYield
                0x08011d6c        0xc build/tasks.o
                0x08011d6c                vTaskMissedYield
 .text.xTaskGetSchedulerState
                0x08011d78       0x20 build/tasks.o
                0x08011d78                xTaskGetSchedulerState
 .text.xTaskPriorityInherit
                0x08011d98       0xac build/tasks.o
                0x08011d98                xTaskPriorityInherit
 .text.xTaskPriorityDisinherit
                0x08011e44       0xb0 build/tasks.o
                0x08011e44                xTaskPriorityDisinherit
 .text.vTaskPriorityDisinheritAfterTimeout
                0x08011ef4       0xb4 build/tasks.o
                0x08011ef4                vTaskPriorityDisinheritAfterTimeout
 .text.pvTaskIncrementMutexHeldCount
                0x08011fa8       0x1c build/tasks.o
                0x08011fa8                pvTaskIncrementMutexHeldCount
 .text.makeFreeRtosPriority
                0x08011fc4        0xc build/cmsis_os.o
 .text.inHandlerMode
                0x08011fd0        0xc build/cmsis_os.o
 .text.osKernelStart
                0x08011fdc        0xa build/cmsis_os.o
                0x08011fdc                osKernelStart
 .text.osKernelRunning
                0x08011fe6       0x12 build/cmsis_os.o
                0x08011fe6                osKernelRunning
 .text.osKernelSysTick
                0x08011ff8       0x14 build/cmsis_os.o
                0x08011ff8                osKernelSysTick
 .text.osThreadCreate
                0x0801200c       0x66 build/cmsis_os.o
                0x0801200c                osThreadCreate
 .text.osDelay  0x08012072        0xe build/cmsis_os.o
                0x08012072                osDelay
 .text.osMutexCreate
                0x08012080       0x16 build/cmsis_os.o
                0x08012080                osMutexCreate
 .text.osMutexWait
                0x08012096       0x60 build/cmsis_os.o
                0x08012096                osMutexWait
 .text.osMutexRelease
                0x080120f6       0x5a build/cmsis_os.o
                0x080120f6                osMutexRelease
 .text.osSemaphoreCreate
                0x08012150       0x48 build/cmsis_os.o
                0x08012150                osSemaphoreCreate
 .text.osSemaphoreWait
                0x08012198       0x5e build/cmsis_os.o
                0x08012198                osSemaphoreWait
 .text.osSemaphoreRelease
                0x080121f6       0x5a build/cmsis_os.o
                0x080121f6                osSemaphoreRelease
 .text.osMessageCreate
                0x08012250       0x2a build/cmsis_os.o
                0x08012250                osMessageCreate
 .text.osMessagePut
                0x0801227a       0x66 build/cmsis_os.o
                0x0801227a                osMessagePut
 .text.osMessageGet
                0x080122e0       0x84 build/cmsis_os.o
                0x080122e0                osMessageGet
 .text.prvHeapInit
                0x08012364       0x64 build/heap_4.o
 .text.prvInsertBlockIntoFreeList
                0x080123c8       0x64 build/heap_4.o
 .text.pvPortMalloc
                0x0801242c      0x104 build/heap_4.o
                0x0801242c                pvPortMalloc
 .text.vPortFree
                0x08012530       0x7c build/heap_4.o
                0x08012530                vPortFree
 .text.prvTaskExitError
                0x080125ac       0x40 build/port.o
 .text.prvPortStartFirstTask
                0x080125ec       0x28 build/port.o
 .text.vPortEnableVFP
                0x08012614       0x14 build/port.o
 .text.pxPortInitialiseStack
                0x08012628       0x2c build/port.o
                0x08012628                pxPortInitialiseStack
 *fill*         0x08012654        0xc 
 .text.SVC_Handler
                0x08012660       0x24 build/port.o
                0x08012660                SVC_Handler
 .text.vPortEnterCritical
                0x08012684       0x44 build/port.o
                0x08012684                vPortEnterCritical
 .text.vPortExitCritical
                0x080126c8       0x2c build/port.o
                0x080126c8                vPortExitCritical
 *fill*         0x080126f4        0xc 
 .text.PendSV_Handler
                0x08012700       0x64 build/port.o
                0x08012700                PendSV_Handler
 .text.SysTick_Handler
                0x08012764       0x2c build/port.o
                0x08012764                SysTick_Handler
 .text.vPortSetupTimerInterrupt
                0x08012790       0x28 build/port.o
                0x08012790                vPortSetupTimerInterrupt
 .text.xPortStartScheduler
                0x080127b8      0x118 build/port.o
                0x080127b8                xPortStartScheduler
 .text.vPortValidateInterruptPriority
                0x080128d0       0x5c build/port.o
                0x080128d0                vPortValidateInterruptPriority
 .text.sys_mbox_new
                0x0801292c       0x28 build/sys_arch.o
                0x0801292c                sys_mbox_new
 .text.sys_mbox_trypost
                0x08012954       0x14 build/sys_arch.o
                0x08012954                sys_mbox_trypost
 .text.sys_arch_mbox_fetch
                0x08012968       0x56 build/sys_arch.o
                0x08012968                sys_arch_mbox_fetch
 .text.sys_mbox_valid
                0x080129be        0xc build/sys_arch.o
                0x080129be                sys_mbox_valid
 *fill*         0x080129ca        0x2 
 .text.sys_init
                0x080129cc       0x18 build/sys_arch.o
                0x080129cc                sys_init
 .text.sys_mutex_new
                0x080129e4       0x22 build/sys_arch.o
                0x080129e4                sys_mutex_new
 .text.sys_mutex_lock
                0x08012a06        0xe build/sys_arch.o
                0x08012a06                sys_mutex_lock
 .text.sys_mutex_unlock
                0x08012a14        0xa build/sys_arch.o
                0x08012a14                sys_mutex_unlock
 .text.sys_thread_new
                0x08012a1e       0x30 build/sys_arch.o
                0x08012a1e                sys_thread_new
 .text.DP83848_RegisterBusIO
                0x08012a4e       0x3e build/dp83848.o
                0x08012a4e                DP83848_RegisterBusIO
 .text.DP83848_Init
                0x08012a8c       0x5e build/dp83848.o
                0x08012a8c                DP83848_Init
 .text.DP83848_GetLinkState
                0x08012aea       0xc0 build/dp83848.o
                0x08012aea                DP83848_GetLinkState
 *fill*         0x08012baa        0x2 
 .text.Reset_Handler
                0x08012bac       0x54 build/startup_stm32h723xx.o
                0x08012bac                Reset_Handler
 .text.Default_Handler
                0x08012c00        0x2 build/startup_stm32h723xx.o
                0x08012c00                DMA1_Stream3_IRQHandler
                0x08012c00                EXTI2_IRQHandler
                0x08012c00                TIM8_CC_IRQHandler
                0x08012c00                UART8_IRQHandler
                0x08012c00                SPI4_IRQHandler
                0x08012c00                FDCAN3_IT0_IRQHandler
                0x08012c00                TIM1_CC_IRQHandler
                0x08012c00                BDMA_Channel6_IRQHandler
                0x08012c00                DMA2_Stream5_IRQHandler
                0x08012c00                DMA1_Stream5_IRQHandler
                0x08012c00                CORDIC_IRQHandler
                0x08012c00                BDMA_Channel1_IRQHandler
                0x08012c00                TAMP_STAMP_IRQHandler
                0x08012c00                EXTI3_IRQHandler
                0x08012c00                LPTIM4_IRQHandler
                0x08012c00                TIM8_TRG_COM_TIM14_IRQHandler
                0x08012c00                LPTIM2_IRQHandler
                0x08012c00                DFSDM1_FLT1_IRQHandler
                0x08012c00                DMAMUX2_OVR_IRQHandler
                0x08012c00                TIM8_UP_TIM13_IRQHandler
                0x08012c00                I2C3_ER_IRQHandler
                0x08012c00                DFSDM1_FLT2_IRQHandler
                0x08012c00                I2C5_EV_IRQHandler
                0x08012c00                USART10_IRQHandler
                0x08012c00                MDMA_IRQHandler
                0x08012c00                LPTIM3_IRQHandler
                0x08012c00                HSEM1_IRQHandler
                0x08012c00                EXTI0_IRQHandler
                0x08012c00                I2C2_EV_IRQHandler
                0x08012c00                DMA1_Stream2_IRQHandler
                0x08012c00                FPU_IRQHandler
                0x08012c00                OTG_HS_WKUP_IRQHandler
                0x08012c00                FDCAN1_IT1_IRQHandler
                0x08012c00                LTDC_ER_IRQHandler
                0x08012c00                DMA2_Stream2_IRQHandler
                0x08012c00                SPI1_IRQHandler
                0x08012c00                OCTOSPI1_IRQHandler
                0x08012c00                DMA2_Stream3_IRQHandler
                0x08012c00                OCTOSPI2_IRQHandler
                0x08012c00                DFSDM1_FLT3_IRQHandler
                0x08012c00                TIM23_IRQHandler
                0x08012c00                USART6_IRQHandler
                0x08012c00                TIM17_IRQHandler
                0x08012c00                USART3_IRQHandler
                0x08012c00                BDMA_Channel7_IRQHandler
                0x08012c00                LPTIM5_IRQHandler
                0x08012c00                UART5_IRQHandler
                0x08012c00                ADC3_IRQHandler
                0x08012c00                DMA2_Stream0_IRQHandler
                0x08012c00                TIM4_IRQHandler
                0x08012c00                BDMA_Channel2_IRQHandler
                0x08012c00                I2C1_EV_IRQHandler
                0x08012c00                DMA1_Stream6_IRQHandler
                0x08012c00                DMAMUX1_OVR_IRQHandler
                0x08012c00                DMA1_Stream1_IRQHandler
                0x08012c00                TIM16_IRQHandler
                0x08012c00                UART4_IRQHandler
                0x08012c00                BDMA_Channel5_IRQHandler
                0x08012c00                TIM3_IRQHandler
                0x08012c00                RCC_IRQHandler
                0x08012c00                UART9_IRQHandler
                0x08012c00                TIM8_BRK_TIM12_IRQHandler
                0x08012c00                TIM1_TRG_COM_IRQHandler
                0x08012c00                Default_Handler
                0x08012c00                ECC_IRQHandler
                0x08012c00                FMAC_IRQHandler
                0x08012c00                CEC_IRQHandler
                0x08012c00                EXTI15_10_IRQHandler
                0x08012c00                BDMA_Channel0_IRQHandler
                0x08012c00                ADC_IRQHandler
                0x08012c00                I2C5_ER_IRQHandler
                0x08012c00                DMA1_Stream7_IRQHandler
                0x08012c00                SPI5_IRQHandler
                0x08012c00                TIM7_IRQHandler
                0x08012c00                FDCAN3_IT1_IRQHandler
                0x08012c00                SDMMC1_IRQHandler
                0x08012c00                TIM5_IRQHandler
                0x08012c00                DMA2_Stream7_IRQHandler
                0x08012c00                TIM15_IRQHandler
                0x08012c00                PVD_AVD_IRQHandler
                0x08012c00                I2C3_EV_IRQHandler
                0x08012c00                EXTI9_5_IRQHandler
                0x08012c00                RTC_WKUP_IRQHandler
                0x08012c00                LTDC_IRQHandler
                0x08012c00                ETH_WKUP_IRQHandler
                0x08012c00                SPDIF_RX_IRQHandler
                0x08012c00                SPI2_IRQHandler
                0x08012c00                OTG_HS_EP1_IN_IRQHandler
                0x08012c00                DMA1_Stream0_IRQHandler
                0x08012c00                TIM24_IRQHandler
                0x08012c00                CRS_IRQHandler
                0x08012c00                EXTI4_IRQHandler
                0x08012c00                RNG_IRQHandler
                0x08012c00                FDCAN2_IT1_IRQHandler
                0x08012c00                TIM1_UP_IRQHandler
                0x08012c00                BDMA_Channel4_IRQHandler
                0x08012c00                OTG_HS_EP1_OUT_IRQHandler
                0x08012c00                WWDG_IRQHandler
                0x08012c00                SPI6_IRQHandler
                0x08012c00                MDIOS_IRQHandler
                0x08012c00                I2C4_EV_IRQHandler
                0x08012c00                FDCAN2_IT0_IRQHandler
                0x08012c00                LPUART1_IRQHandler
                0x08012c00                FDCAN1_IT0_IRQHandler
                0x08012c00                TIM2_IRQHandler
                0x08012c00                DMA2D_IRQHandler
                0x08012c00                TIM1_BRK_IRQHandler
                0x08012c00                EXTI1_IRQHandler
                0x08012c00                SDMMC2_IRQHandler
                0x08012c00                BDMA_Channel3_IRQHandler
                0x08012c00                DTS_IRQHandler
                0x08012c00                UART7_IRQHandler
                0x08012c00                MDIOS_WKUP_IRQHandler
                0x08012c00                USART2_IRQHandler
                0x08012c00                DFSDM1_FLT0_IRQHandler
                0x08012c00                SAI4_IRQHandler
                0x08012c00                I2C2_ER_IRQHandler
                0x08012c00                DMA2_Stream1_IRQHandler
                0x08012c00                FLASH_IRQHandler
                0x08012c00                DMA2_Stream4_IRQHandler
                0x08012c00                USART1_IRQHandler
                0x08012c00                SPI3_IRQHandler
                0x08012c00                WAKEUP_PIN_IRQHandler
                0x08012c00                DMA1_Stream4_IRQHandler
                0x08012c00                I2C1_ER_IRQHandler
                0x08012c00                FMC_IRQHandler
                0x08012c00                FDCAN_CAL_IRQHandler
                0x08012c00                SWPMI1_IRQHandler
                0x08012c00                COMP1_IRQHandler
                0x08012c00                LPTIM1_IRQHandler
                0x08012c00                DCMI_PSSI_IRQHandler
                0x08012c00                I2C4_ER_IRQHandler
                0x08012c00                DMA2_Stream6_IRQHandler
                0x08012c00                SAI1_IRQHandler
                0x08012c00                RTC_Alarm_IRQHandler
 *fill*         0x08012c02        0x2 
 .text.snprintf
                0x08012c04       0x6c /Applications/ArmGNUToolchain/14.3.rel1/arm-none-eabi/bin/../lib/gcc/arm-none-eabi/14.3.1/../../../../arm-none-eabi/lib/thumb/v7e-m+dp/hard/libc_nano.a(libc_a-snprintf.o)
                0x08012c04                snprintf
                0x08012c04                sniprintf
 .text.rand     0x08012c70       0x7c /Applications/ArmGNUToolchain/14.3.rel1/arm-none-eabi/bin/../lib/gcc/arm-none-eabi/14.3.1/../../../../arm-none-eabi/lib/thumb/v7e-m+dp/hard/libc_nano.a(libc_a-rand.o)
                0x08012c70                rand
 .text.std      0x08012cec       0x6c /Applications/ArmGNUToolchain/14.3.rel1/arm-none-eabi/bin/../lib/gcc/arm-none-eabi/14.3.1/../../../../arm-none-eabi/lib/thumb/v7e-m+dp/hard/libc_nano.a(libc_a-findfp.o)
 .text.stdio_exit_handler
                0x08012d58       0x18 /Applications/ArmGNUToolchain/14.3.rel1/arm-none-eabi/bin/../lib/gcc/arm-none-eabi/14.3.1/../../../../arm-none-eabi/lib/thumb/v7e-m+dp/hard/libc_nano.a(libc_a-findfp.o)
 .text.cleanup_stdio
                0x08012d70       0x40 /Applications/ArmGNUToolchain/14.3.rel1/arm-none-eabi/bin/../lib/gcc/arm-none-eabi/14.3.1/../../../../arm-none-eabi/lib/thumb/v7e-m+dp/hard/libc_nano.a(libc_a-findfp.o)
 .text.global_stdio_init.part.0
                0x08012db0       0x40 /Applications/ArmGNUToolchain/14.3.rel1/arm-none-eabi/bin/../lib/gcc/arm-none-eabi/14.3.1/../../../../arm-none-eabi/lib/thumb/v7e-m+dp/hard/libc_nano.a(libc_a-findfp.o)
 .text.__sfp_lock_acquire
                0x08012df0        0xc /Applications/ArmGNUToolchain/14.3.rel1/arm-none-eabi/bin/../lib/gcc/arm-none-eabi/14.3.1/../../../../arm-none-eabi/lib/thumb/v7e-m+dp/hard/libc_nano.a(libc_a-findfp.o)
                0x08012df0                __sfp_lock_acquire
 .text.__sfp_lock_release
                0x08012dfc        0xc /Applications/ArmGNUToolchain/14.3.rel1/arm-none-eabi/bin/../lib/gcc/arm-none-eabi/14.3.1/../../../../arm-none-eabi/lib/thumb/v7e-m+dp/hard/libc_nano.a(libc_a-findfp.o)
                0x08012dfc                __sfp_lock_release
 .text.__sinit  0x08012e08       0x30 /Applications/ArmGNUToolchain/14.3.rel1/arm-none-eabi/bin/../lib/gcc/arm-none-eabi/14.3.1/../../../../arm-none-eabi/lib/thumb/v7e-m+dp/hard/libc_nano.a(libc_a-findfp.o)
                0x08012e08                __sinit
 .text._fwalk_sglue
                0x08012e38       0x3c /Applications/ArmGNUToolchain/14.3.rel1/arm-none-eabi/bin/../lib/gcc/arm-none-eabi/14.3.1/../../../../arm-none-eabi/lib/thumb/v7e-m+dp/hard/libc_nano.a(libc_a-fwalk.o)
                0x08012e38                _fwalk_sglue
 .text.printf   0x08012e74       0x24 /Applications/ArmGNUToolchain/14.3.rel1/arm-none-eabi/bin/../lib/gcc/arm-none-eabi/14.3.1/../../../../arm-none-eabi/lib/thumb/v7e-m+dp/hard/libc_nano.a(libc_a-printf.o)
                0x08012e74                printf
                0x08012e74                iprintf
 .text.memcmp   0x08012e98       0x20 /Applications/ArmGNUToolchain/14.3.rel1/arm-none-eabi/bin/../lib/gcc/arm-none-eabi/14.3.1/../../../../arm-none-eabi/lib/thumb/v7e-m+dp/hard/libc_nano.a(libc_a-memcmp.o)
                0x08012e98                memcmp